Archive member included because of file (symbol)

/usr/lib/gcc-cross/arm-linux-gnueabi/4.7/libgcc.a(_udivsi3.o)
                              arch/arm/cpu/armv7/zynq/built-in.o (__aeabi_uidiv)
/usr/lib/gcc-cross/arm-linux-gnueabi/4.7/libgcc.a(_divsi3.o)
                              common/built-in.o (__aeabi_idiv)
/usr/lib/gcc-cross/arm-linux-gnueabi/4.7/libgcc.a(_lshrdi3.o)
                              common/built-in.o (__aeabi_llsr)
/usr/lib/gcc-cross/arm-linux-gnueabi/4.7/libgcc.a(_ashldi3.o)
                              drivers/mmc/built-in.o (__aeabi_llsl)
/usr/lib/gcc-cross/arm-linux-gnueabi/4.7/libgcc.a(_dvmd_lnx.o)
                              /usr/lib/gcc-cross/arm-linux-gnueabi/4.7/libgcc.a(_udivsi3.o) (__aeabi_idiv0)

Discarded input sections

 .data          0x0000000000000000        0x0 arch/arm/cpu/armv7/start.o
 .bss           0x0000000000000000        0x0 arch/arm/cpu/armv7/start.o
 .text          0x0000000000000000        0x0 api/built-in.o
 .data          0x0000000000000000        0x0 api/built-in.o
 .bss           0x0000000000000000        0x0 api/built-in.o
 .text          0x0000000000000000        0x0 arch/arm/cpu/armv7/built-in.o
 .text.sdelay   0x0000000000000000        0xc arch/arm/cpu/armv7/built-in.o
 .text.sr32     0x0000000000000000       0x24 arch/arm/cpu/armv7/built-in.o
 .text.wait_on_value
                0x0000000000000000       0x34 arch/arm/cpu/armv7/built-in.o
 .data          0x0000000000000000        0x0 arch/arm/cpu/armv7/built-in.o
 .bss           0x0000000000000000        0x0 arch/arm/cpu/armv7/built-in.o
 .text.zynq_clk_get_name
                0x0000000000000000       0x18 arch/arm/cpu/armv7/zynq/built-in.o
 .text.zynq_get_silicon_version
                0x0000000000000000       0x14 arch/arm/cpu/armv7/zynq/built-in.o
 .data          0x0000000000000000        0x0 arch/arm/cpu/armv7/zynq/built-in.o
 .bss           0x0000000000000000        0x0 arch/arm/cpu/armv7/zynq/built-in.o
 .text.__arch_cpu_init
                0x0000000000000000        0x8 arch/arm/lib/built-in.o
 .text.__red_led_off
                0x0000000000000000        0x4 arch/arm/lib/built-in.o
 .text.__green_led_on
                0x0000000000000000        0x4 arch/arm/lib/built-in.o
 .text.__green_led_off
                0x0000000000000000        0x4 arch/arm/lib/built-in.o
 .text.__yellow_led_on
                0x0000000000000000        0x4 arch/arm/lib/built-in.o
 .text.__yellow_led_off
                0x0000000000000000        0x4 arch/arm/lib/built-in.o
 .text.__blue_led_on
                0x0000000000000000        0x4 arch/arm/lib/built-in.o
 .text.__blue_led_off
                0x0000000000000000        0x4 arch/arm/lib/built-in.o
 .text.setup_board_tags
                0x0000000000000000        0x4 arch/arm/lib/built-in.o
 .text.__arm_init_before_mmu
                0x0000000000000000        0x4 arch/arm/lib/built-in.o
 .text.__mmu_page_table_flush
                0x0000000000000000        0x4 arch/arm/lib/built-in.o
 .text.__flush_cache
                0x0000000000000000        0x4 arch/arm/lib/built-in.o
 .text.__flush_dcache_all
                0x0000000000000000        0xc arch/arm/lib/built-in.o
 .text.__enable_caches
                0x0000000000000000        0xc arch/arm/lib/built-in.o
 .data          0x0000000000000000        0x0 arch/arm/lib/built-in.o
 .bss           0x0000000000000000        0x0 arch/arm/lib/built-in.o
 .text          0x0000000000000000        0x0 board/xilinx/zynq/built-in.o
 .data          0x0000000000000000        0x0 board/xilinx/zynq/built-in.o
 .bss           0x0000000000000000        0x0 board/xilinx/zynq/built-in.o
 .text          0x0000000000000000        0x0 common/built-in.o
 .text.bootz_setup
                0x0000000000000000       0x18 common/built-in.o
 .text.invalidate_icache_all
                0x0000000000000000        0xc common/built-in.o
 .text.flush_dcache_all
                0x0000000000000000        0xc common/built-in.o
 .text.soc_clk_dump
                0x0000000000000000       0x18 common/built-in.o
 .text.serial_printf
                0x0000000000000000       0x4c common/built-in.o
 .text.fputs    0x0000000000000000       0x28 common/built-in.o
 .text.fprintf  0x0000000000000000       0x54 common/built-in.o
 .text.disable_ctrlc
                0x0000000000000000       0x18 common/built-in.o
 .text.dbg      0x0000000000000000        0xc common/built-in.o
 .text.cfree    0x0000000000000000        0x4 common/built-in.o
 .text.pvalloc  0x0000000000000000       0x18 common/built-in.o
 .text.valloc   0x0000000000000000        0xc common/built-in.o
 .text.malloc_usable_size
                0x0000000000000000       0x3c common/built-in.o
 .text.mallopt  0x0000000000000000       0x68 common/built-in.o
 .text.env_flags_parse_varaccess_from_binflags
                0x0000000000000000       0x4c common/built-in.o
 .text.of_bus_default_map
                0x0000000000000000       0xe8 common/built-in.o
 .text.of_bus_default_count_cells
[...]
Memory Configuration

Name             Origin             Length             Attributes
*default*        0x0000000000000000 0xffffffffffffffff

Linker script and memory map

                0x0000000000000000                . = 0x0
                0x0000000000000000                . = ALIGN (0x4)

.text           0x0000000004000000    0x39bd0
 *(.__image_copy_start)
 .__image_copy_start
                0x0000000004000000        0x0 arch/arm/lib/built-in.o
                0x0000000004000000                __image_copy_start
 arch/arm/cpu/armv7/start.o(.text*)
 .text          0x0000000004000000      0x3a0 arch/arm/cpu/armv7/start.o
                0x0000000004000000                _start
                0x0000000004000040                _end_vect
                0x0000000004000040                _TEXT_BASE
                0x0000000004000044                _bss_start_ofs
                0x0000000004000048                _bss_end_ofs
                0x000000000400004c                _end_ofs
                0x0000000004000050                IRQ_STACK_START_IN
                0x0000000004000094                c_runtime_cpu_setup
                0x00000000040000ac                save_boot_params
                0x00000000040000b0                cpu_init_cp15
                0x00000000040000e8                cpu_init_crit
 *(.text*)
 .text.API_display_clear
                0x00000000040003a0       0x10 api/built-in.o
 .text.API_display_draw_bitmap
                0x00000000040003b0        0x8 api/built-in.o
 .text.API_display_get_info
                0x00000000040003b8        0x8 api/built-in.o
 .text.API_env_enum
                0x00000000040003c0       0xb4 api/built-in.o
 .text.API_env_set
                0x0000000004000474       0x34 api/built-in.o
 .text.API_env_get
                0x00000000040004a8       0x38 api/built-in.o
 .text.API_dev_write
                0x00000000040004e0       0x68 api/built-in.o
 .text.API_dev_read
                0x0000000004000548       0xb8 api/built-in.o
 .text.API_dev_close
                0x0000000004000600       0x64 api/built-in.o
 .text.API_dev_open
                0x0000000004000664       0x70 api/built-in.o
 .text.API_dev_enum
                0x00000000040006d4       0x5c api/built-in.o
 .text.API_get_timer
                0x0000000004000730       0x38 api/built-in.o
 .text.API_udelay
                0x0000000004000768       0x28 api/built-in.o
 .text.API_get_sys_info
                0x0000000004000790       0x2c api/built-in.o
 .text.API_reset
                0x00000000040007bc       0x20 api/built-in.o
 .text.API_puts
                0x00000000040007dc       0x24 api/built-in.o
 .text.API_tstc
                0x0000000004000800       0x28 api/built-in.o
 .text.API_putc
                0x0000000004000828       0x28 api/built-in.o
 .text.API_getc
                0x0000000004000850       0x28 api/built-in.o
 .text.syscall  0x0000000004000878       0x6c api/built-in.o
                0x0000000004000878                syscall
 .text.api_init
                0x00000000040008e4      0x16c api/built-in.o
                0x00000000040008e4                api_init
 .text.platform_set_mr
                0x0000000004000a50       0x78 api/built-in.o
                0x0000000004000a50                platform_set_mr
 .text.display_get_info
                0x0000000004000ac8       0x10 api/built-in.o
                0x0000000004000ac8                display_get_info
 .text.display_draw_bitmap
                0x0000000004000ad8       0x10 api/built-in.o
                0x0000000004000ad8                display_draw_bitmap
 .text.display_clear
                0x0000000004000ae8        0x4 api/built-in.o
                0x0000000004000ae8                display_clear
 .text.dev_open_net
                0x0000000004000aec       0x38 api/built-in.o
                0x0000000004000aec                dev_open_net
 .text.dev_close_net
                0x0000000004000b24       0x2c api/built-in.o
                0x0000000004000b24                dev_close_net
 .text.dev_enum_net
                0x0000000004000b50       0x44 api/built-in.o
                0x0000000004000b50                dev_enum_net
 .text.dev_write_net
                0x0000000004000b94        0xc api/built-in.o
                0x0000000004000b94                dev_write_net
 .text.dev_read_net
                0x0000000004000ba0        0xc api/built-in.o
                0x0000000004000ba0                dev_read_net
 .text.platform_sys_info
                0x0000000004000bac       0x24 api/built-in.o
                0x0000000004000bac                platform_sys_info
 .text.dev_stor_type
                0x0000000004000bd0       0x5c api/built-in.o
 .text.dev_stor_is_valid
                0x0000000004000c2c       0x60 api/built-in.o
 .text.dev_stor_get
                0x0000000004000c8c      0x124 api/built-in.o
 .text.dev_stor_init
                0x0000000004000db0       0x58 api/built-in.o
                0x0000000004000db0                dev_stor_init
 .text.dev_enum_reset
                0x0000000004000e08       0x38 api/built-in.o
                0x0000000004000e08                dev_enum_reset
 .text.dev_enum_storage
                0x0000000004000e40      0x108 api/built-in.o
                0x0000000004000e40                dev_enum_storage
 .text.dev_open_stor
                0x0000000004000f48       0x34 api/built-in.o
                0x0000000004000f48                dev_open_stor
 .text.dev_close_stor
                0x0000000004000f7c        0x8 api/built-in.o
                0x0000000004000f7c                dev_close_stor
 .text.dev_read_stor
                0x0000000004000f84       0xa4 api/built-in.o
                0x0000000004000f84                dev_read_stor
 .text.v7_maint_dcache_all
                0x0000000004001028       0xd0 arch/arm/cpu/armv7/built-in.o
 .text.v7_dcache_inval_range
                0x00000000040010f8       0x80 arch/arm/cpu/armv7/built-in.o
 .text.invalidate_icache_all
                0x0000000004001178       0x18 arch/arm/cpu/armv7/built-in.o
                0x0000000004001178                invalidate_icache_all
 .text.__v7_outer_cache_enable
                0x0000000004001190        0x4 arch/arm/cpu/armv7/built-in.o
                0x0000000004001190                __v7_outer_cache_enable
                0x0000000004001190                v7_outer_cache_enable
 .text.__v7_outer_cache_disable
                0x0000000004001194        0x4 arch/arm/cpu/armv7/built-in.o
                0x0000000004001194                v7_outer_cache_disable
                0x0000000004001194                __v7_outer_cache_disable
 .text.__v7_outer_cache_flush_all
                0x0000000004001198        0x4 arch/arm/cpu/armv7/built-in.o
                0x0000000004001198                __v7_outer_cache_flush_all
                0x0000000004001198                v7_outer_cache_flush_all
 .text.flush_dcache_all
                0x000000000400119c       0x14 arch/arm/cpu/armv7/built-in.o
                0x000000000400119c                flush_dcache_all
 .text.__v7_outer_cache_inval_all
                0x00000000040011b0        0x4 arch/arm/cpu/armv7/built-in.o
                0x00000000040011b0                v7_outer_cache_inval_all
                0x00000000040011b0                __v7_outer_cache_inval_all
 .text.invalidate_dcache_all
                0x00000000040011b4       0x14 arch/arm/cpu/armv7/built-in.o
                0x00000000040011b4                invalidate_dcache_all
 .text.arm_init_before_mmu
                0x00000000040011c8       0x28 arch/arm/cpu/armv7/built-in.o
                0x00000000040011c8                arm_init_before_mmu
 .text.__v7_outer_cache_flush_range
                0x00000000040011f0        0x4 arch/arm/cpu/armv7/built-in.o
                0x00000000040011f0                v7_outer_cache_flush_range
                0x00000000040011f0                __v7_outer_cache_flush_range
 .text.flush_dcache_range
                0x00000000040011f4       0x3c arch/arm/cpu/armv7/built-in.o
                0x00000000040011f4                flush_dcache_range
 .text.flush_cache
                0x0000000004001230        0x8 arch/arm/cpu/armv7/built-in.o
                0x0000000004001230                flush_cache
 .text.mmu_page_table_flush
                0x0000000004001238       0x24 arch/arm/cpu/armv7/built-in.o
                0x0000000004001238                mmu_page_table_flush
 .text.__v7_outer_cache_inval_range
                0x000000000400125c        0x4 arch/arm/cpu/armv7/built-in.o
                0x000000000400125c                __v7_outer_cache_inval_range
                0x000000000400125c                v7_outer_cache_inval_range
 .text.invalidate_dcache_range
                0x0000000004001260       0x3c arch/arm/cpu/armv7/built-in.o
                0x0000000004001260                invalidate_dcache_range
 .text.cpu_cache_initialization
                0x000000000400129c        0x4 arch/arm/cpu/armv7/built-in.o
                0x000000000400129c                cpu_cache_initialization
 .text.cleanup_before_linux
                0x00000000040012a0       0x28 arch/arm/cpu/armv7/built-in.o
                0x00000000040012a0                cleanup_before_linux
 .text          0x00000000040012c8       0x24 arch/arm/cpu/armv7/zynq/built-in.o
                0x00000000040012c8                lowlevel_init
 .text.ddr2x_get_rate
                0x00000000040012ec       0x3c arch/arm/cpu/armv7/zynq/built-in.o
 .text.ddr3x_get_rate
                0x0000000004001328       0x3c arch/arm/cpu/armv7/zynq/built-in.o
 .text.zynq_clk_periph_get_rate
                0x0000000004001364       0x68 arch/arm/cpu/armv7/zynq/built-in.o
 .text.zynq_clk_register_periph_clk
                0x00000000040013cc       0x5c arch/arm/cpu/armv7/zynq/built-in.o
 .text.__zynq_clk_pll_get_rate
                0x0000000004001428       0x20 arch/arm/cpu/armv7/zynq/built-in.o
 .text.zynq_clk_pll_get_rate
                0x0000000004001448        0x8 arch/arm/cpu/armv7/zynq/built-in.o
 .text.zynq_clk_periph_set_rate
                0x0000000004001450      0x124 arch/arm/cpu/armv7/zynq/built-in.o
 .text.zynq_clk_early_init
                0x0000000004001574       0x78 arch/arm/cpu/armv7/zynq/built-in.o
                0x0000000004001574                zynq_clk_early_init
 .text.get_uart_clk
                0x00000000040015ec       0x54 arch/arm/cpu/armv7/zynq/built-in.o
                0x00000000040015ec                get_uart_clk
 .text.set_cpu_clk_info
                0x0000000004001640      0x5dc arch/arm/cpu/armv7/zynq/built-in.o
                0x0000000004001640                set_cpu_clk_info
 .text.zynq_clk_get_rate
                0x0000000004001c1c       0x20 arch/arm/cpu/armv7/zynq/built-in.o
                0x0000000004001c1c                zynq_clk_get_rate
 .text.zynq_clk_set_rate
                0x0000000004001c3c       0x40 arch/arm/cpu/armv7/zynq/built-in.o
                0x0000000004001c3c                zynq_clk_set_rate
 .text.soc_clk_dump
                0x0000000004001c7c       0x50 arch/arm/cpu/armv7/zynq/built-in.o
                0x0000000004001c7c                soc_clk_dump
 .text.arch_cpu_init
                0x0000000004001ccc       0x60 arch/arm/cpu/armv7/zynq/built-in.o
                0x0000000004001ccc                arch_cpu_init
 .text.reset_cpu
                0x0000000004001d2c        0xc arch/arm/cpu/armv7/zynq/built-in.o
                0x0000000004001d2c                reset_cpu
 .text.enable_caches
                0x0000000004001d38        0x4 arch/arm/cpu/armv7/zynq/built-in.o
                0x0000000004001d38                enable_caches
 .text.zynq_ddrc_init
                0x0000000004001d3c       0x64 arch/arm/cpu/armv7/zynq/built-in.o
                0x0000000004001d3c                zynq_ddrc_init
 .text.zynq_slcr_lock
                0x0000000004001da0       0x2c arch/arm/cpu/armv7/zynq/built-in.o
                0x0000000004001da0                zynq_slcr_lock
 .text.zynq_slcr_unlock
                0x0000000004001dcc       0x2c arch/arm/cpu/armv7/zynq/built-in.o
                0x0000000004001dcc                zynq_slcr_unlock
 .text.zynq_slcr_cpu_reset
                0x0000000004001df8       0x24 arch/arm/cpu/armv7/zynq/built-in.o
                0x0000000004001df8                zynq_slcr_cpu_reset
 .text.zynq_slcr_gem_clk_setup
                0x0000000004001e1c       0x68 arch/arm/cpu/armv7/zynq/built-in.o
                0x0000000004001e1c                zynq_slcr_gem_clk_setup
 .text.zynq_slcr_devcfg_disable
                0x0000000004001e84       0x24 arch/arm/cpu/armv7/zynq/built-in.o
                0x0000000004001e84                zynq_slcr_devcfg_disable
 .text.zynq_slcr_devcfg_enable
                0x0000000004001ea8       0x24 arch/arm/cpu/armv7/zynq/built-in.o
                0x0000000004001ea8                zynq_slcr_devcfg_enable
 .text.zynq_slcr_get_boot_mode
                0x0000000004001ecc        0xc arch/arm/cpu/armv7/zynq/built-in.o
                0x0000000004001ecc                zynq_slcr_get_boot_mode
 .text.zynq_slcr_get_idcode
                0x0000000004001ed8       0x10 arch/arm/cpu/armv7/zynq/built-in.o
                0x0000000004001ed8                zynq_slcr_get_idcode
 .text.zynq_slcr_get_mio_pin_status
                0x0000000004001ee8       0x90 arch/arm/cpu/armv7/zynq/built-in.o
                0x0000000004001ee8                zynq_slcr_get_mio_pin_status
 .text.timer_init
                0x0000000004001f78       0x60 arch/arm/cpu/armv7/zynq/built-in.o
                0x0000000004001f78                timer_init
 .text.get_timer_masked
                0x0000000004001fd8       0x50 arch/arm/cpu/armv7/zynq/built-in.o
                0x0000000004001fd8                get_timer_masked
 .text.__udelay
                0x0000000004002028       0x8c arch/arm/cpu/armv7/zynq/built-in.o
                0x0000000004002028                __udelay
 .text.get_timer
                0x00000000040020b4       0x14 arch/arm/cpu/armv7/zynq/built-in.o
                0x00000000040020b4                get_timer
 .text.get_ticks
                0x00000000040020c8       0x10 arch/arm/cpu/armv7/zynq/built-in.o
                0x00000000040020c8                get_ticks
 .text.get_tbclk
                0x00000000040020d8        0x8 arch/arm/cpu/armv7/zynq/built-in.o
                0x00000000040020d8                get_tbclk
 .text          0x00000000040020e0       0xe8 arch/arm/lib/built-in.o
                0x00000000040020e0                _main
                0x0000000004002164                relocate_code
 .text.init_func_i2c
                0x00000000040021c8       0x28 arch/arm/lib/built-in.o
 .text.display_banner
                0x00000000040021f0       0x20 arch/arm/lib/built-in.o
 .text.init_baudrate
                0x0000000004002210       0x2c arch/arm/lib/built-in.o
 .text.mark_bootstage
                0x000000000400223c       0x14 arch/arm/lib/built-in.o
 .text.__coloured_LED_init
                0x0000000004002250        0x4 arch/arm/lib/built-in.o
                0x0000000004002250                coloured_LED_init
                0x0000000004002250                __coloured_LED_init
 .text.__red_led_on
                0x0000000004002254        0x4 arch/arm/lib/built-in.o
                0x0000000004002254                __red_led_on
                0x0000000004002254                red_led_on
 .text.__dram_init_banksize
                0x0000000004002258       0x1c arch/arm/lib/built-in.o
                0x0000000004002258                __dram_init_banksize
                0x0000000004002258                dram_init_banksize
 .text.__power_init_board
                0x0000000004002274        0x8 arch/arm/lib/built-in.o
                0x0000000004002274                __power_init_board
                0x0000000004002274                power_init_board
 .text.board_init_f
                0x000000000400227c      0x118 arch/arm/lib/built-in.o
                0x000000000400227c                board_init_f
 .text.board_init_r
                0x0000000004002394       0xc4 arch/arm/lib/built-in.o
                0x0000000004002394                board_init_r
 .text.arch_fixup_memory_node
                0x0000000004002458        0x8 arch/arm/lib/built-in.o
                0x0000000004002458                arch_fixup_memory_node
 .text.boot_jump_linux
                0x0000000004002460       0xb4 arch/arm/lib/built-in.o
 .text.boot_prep_linux
                0x0000000004002514       0x40 arch/arm/lib/built-in.o
 .text.arch_lmb_reserve
                0x0000000004002554       0x24 arch/arm/lib/built-in.o
                0x0000000004002554                arch_lmb_reserve
 .text.do_bootm_linux
                0x0000000004002578       0x60 arch/arm/lib/built-in.o
                0x0000000004002578                do_bootm_linux
 .text.bootz_setup
                0x00000000040025d8       0x60 arch/arm/lib/built-in.o
                0x00000000040025d8                bootz_setup
 .text.boot_prep_vxworks
                0x0000000004002638       0x4c arch/arm/lib/built-in.o
                0x0000000004002638                boot_prep_vxworks
 .text.boot_jump_vxworks
                0x0000000004002684       0x14 arch/arm/lib/built-in.o
                0x0000000004002684                boot_jump_vxworks
 .text.cp_delay
                0x0000000004002698       0x30 arch/arm/lib/built-in.o
 .text.arm_init_domains
                0x00000000040026c8        0x4 arch/arm/lib/built-in.o
                0x00000000040026c8                arm_init_domains
 .text.set_section_dcache
                0x00000000040026cc       0x14 arch/arm/lib/built-in.o
                0x00000000040026cc                set_section_dcache
 .text.mmu_set_region_dcache_behaviour
                0x00000000040026e0       0x50 arch/arm/lib/built-in.o
                0x00000000040026e0                mmu_set_region_dcache_behaviour
 .text.dram_bank_mmu_setup
                0x0000000004002730       0x48 arch/arm/lib/built-in.o
                0x0000000004002730                dram_bank_mmu_setup
 .text.icache_enable
                0x0000000004002778       0x18 arch/arm/lib/built-in.o
                0x0000000004002778                icache_enable
 .text.icache_disable
                0x0000000004002790       0x1c arch/arm/lib/built-in.o
                0x0000000004002790                icache_disable
 .text.icache_status
                0x00000000040027ac        0xc arch/arm/lib/built-in.o
                0x00000000040027ac                icache_status
 .text.dcache_enable
                0x00000000040027b8       0x6c arch/arm/lib/built-in.o
                0x00000000040027b8                dcache_enable
 .text.dcache_disable
                0x0000000004002824       0x28 arch/arm/lib/built-in.o
                0x0000000004002824                dcache_disable
 .text.dcache_status
                0x000000000400284c        0xc arch/arm/lib/built-in.o
                0x000000000400284c                dcache_status
 .text.interrupt_init
                0x0000000004002858       0x1c arch/arm/lib/built-in.o
                0x0000000004002858                interrupt_init
 .text.enable_interrupts
                0x0000000004002874        0x4 arch/arm/lib/built-in.o
                0x0000000004002874                enable_interrupts
 .text.disable_interrupts
                0x0000000004002878        0x8 arch/arm/lib/built-in.o
                0x0000000004002878                disable_interrupts
 .text.bad_mode
                0x0000000004002880       0x10 arch/arm/lib/built-in.o
                0x0000000004002880                bad_mode
 .text.show_regs
                0x0000000004002890      0x13c arch/arm/lib/built-in.o
                0x0000000004002890                show_regs
 .text.do_undefined_instruction
                0x00000000040029cc       0x20 arch/arm/lib/built-in.o
                0x00000000040029cc                do_undefined_instruction
 .text.do_software_interrupt
                0x00000000040029ec       0x20 arch/arm/lib/built-in.o
                0x00000000040029ec                do_software_interrupt
 .text.do_prefetch_abort
                0x0000000004002a0c       0x20 arch/arm/lib/built-in.o
                0x0000000004002a0c                do_prefetch_abort
 .text.do_data_abort
                0x0000000004002a2c       0x20 arch/arm/lib/built-in.o
                0x0000000004002a2c                do_data_abort
 .text.do_not_used
                0x0000000004002a4c       0x20 arch/arm/lib/built-in.o
                0x0000000004002a4c                do_not_used
 .text.do_fiq   0x0000000004002a6c       0x20 arch/arm/lib/built-in.o
                0x0000000004002a6c                do_fiq
 .text.do_irq   0x0000000004002a8c       0x20 arch/arm/lib/built-in.o
                0x0000000004002a8c                do_irq
 .text.do_reset
                0x0000000004002aac       0x2c arch/arm/lib/built-in.o
                0x0000000004002aac                do_reset
 .text.board_init
                0x0000000004002ad8       0xdc board/xilinx/zynq/built-in.o
                0x0000000004002ad8                board_init
 .text.board_late_init
                0x0000000004002bb4       0x9c board/xilinx/zynq/built-in.o
                0x0000000004002bb4                board_late_init
 .text.board_eth_init
                0x0000000004002c50       0x14 board/xilinx/zynq/built-in.o
                0x0000000004002c50                board_eth_init
 .text.board_mmc_init
                0x0000000004002c64        0xc board/xilinx/zynq/built-in.o
                0x0000000004002c64                board_mmc_init
 .text.dram_init
                0x0000000004002c70       0x18 board/xilinx/zynq/built-in.o
                0x0000000004002c70                dram_init
 .text.print_num
                0x0000000004002c88       0x18 common/built-in.o
 .text.do_bdinfo
                0x0000000004002ca0      0x1bc common/built-in.o
                0x0000000004002ca0                do_bdinfo
 .text.do_go_exec
                0x0000000004002e5c       0x18 common/built-in.o
                0x0000000004002e5c                do_go_exec
 .text.do_go    0x0000000004002e74       0x70 common/built-in.o
 .text.image_info
                0x0000000004002ee4      0x118 common/built-in.o
 .text.do_bootm_standalone
                0x0000000004002ffc       0x68 common/built-in.o
 .text.do_bootd
                0x0000000004003064       0x24 common/built-in.o
                0x0000000004003064                do_bootd
 .text.do_bootm_rtems
                0x0000000004003088       0x70 common/built-in.o
 .text.do_iminfo
                0x00000000040030f8       0x60 common/built-in.o
 .text.bootm_find_ramdisk.isra.8
                0x0000000004003158       0x40 common/built-in.o
 .text.bootm_find_fdt
                0x0000000004003198       0x5c common/built-in.o
 .text.do_bootm_qnxelf
                0x00000000040031f4       0x8c common/built-in.o
 .text.do_bootm_plan9
                0x0000000004003280       0xfc common/built-in.o
 .text.__arch_preboot_os
                0x000000000400337c        0x4 common/built-in.o
                0x000000000400337c                arch_preboot_os
 .text.do_bootm_states.isra.16.constprop.20
                0x0000000004003380      0x980 common/built-in.o
 .text.do_bootm
                0x0000000004003d00       0xd8 common/built-in.o
                0x0000000004003d00                do_bootm
 .text.bootm_maybe_autostart
                0x0000000004003dd8       0x74 common/built-in.o
                0x0000000004003dd8                bootm_maybe_autostart
 .text.do_bootvx_fdt
                0x0000000004003e4c      0x108 common/built-in.o
                0x0000000004003e4c                do_bootvx_fdt
 .text.do_bootm_vxworks
                0x0000000004003f54       0x54 common/built-in.o
 .text.do_bootz
                0x0000000004003fa8      0x100 common/built-in.o
                0x0000000004003fa8                do_bootz
 .text.parse_argv
                0x00000000040040a8       0x64 common/built-in.o
 .text.do_icache
                0x000000000400410c       0x8c common/built-in.o
                0x000000000400410c                do_icache
 .text.do_dcache
                0x0000000004004198       0x8c common/built-in.o
                0x0000000004004198                do_dcache
 .text.do_clk   0x0000000004004224       0x5c common/built-in.o
 .text.do_clk_dump
                0x0000000004004280        0x4 common/built-in.o
 .text.do_coninfo
                0x0000000004004284       0xb8 common/built-in.o
 .text.common_diskboot
                0x000000000400433c      0x2ac common/built-in.o
                0x000000000400433c                common_diskboot
 .text.do_echo  0x00000000040045e8       0xb0 common/built-in.o
 .text.load_elf_image_shdr
                0x0000000004004698       0x8c common/built-in.o
 .text.do_bootelf_exec
                0x0000000004004724       0x44 common/built-in.o
                0x0000000004004724                do_bootelf_exec
 .text.valid_elf_image
                0x0000000004004768       0x4c common/built-in.o
                0x0000000004004768                valid_elf_image
 .text.do_bootvx
                0x00000000040047b4      0x2a0 common/built-in.o
                0x00000000040047b4                do_bootvx
 .text.do_bootelf
                0x0000000004004a54      0x164 common/built-in.o
                0x0000000004004a54                do_bootelf
 .text.do_exit  0x0000000004004bb8       0x34 common/built-in.o
 .text.do_ext2load
                0x0000000004004bec       0x14 common/built-in.o
                0x0000000004004bec                do_ext2load
 .text.do_ext2ls
                0x0000000004004c00       0x14 common/built-in.o
                0x0000000004004c00                do_ext2ls
 .text.do_ext4_ls
                0x0000000004004c14       0x14 common/built-in.o
                0x0000000004004c14                do_ext4_ls
 .text.do_ext4_load
                0x0000000004004c28       0x14 common/built-in.o
                0x0000000004004c28                do_ext4_load
 .text.do_ext4_write
                0x0000000004004c3c       0xf4 common/built-in.o
                0x0000000004004c3c                do_ext4_write
 .text.do_fat_fswrite
                0x0000000004004d30       0xf8 common/built-in.o
 .text.do_fat_fsinfo
                0x0000000004004e28       0x90 common/built-in.o
 .text.do_fat_ls
                0x0000000004004eb8       0x14 common/built-in.o
 .text.do_fat_fsload
                0x0000000004004ecc       0x14 common/built-in.o
                0x0000000004004ecc                do_fat_fsload
 .text.fdt_valid
                0x0000000004004ee0       0xc0 common/built-in.o
 .text.is_printable_string
                0x0000000004004fa0       0x90 common/built-in.o
 .text.print_data
                0x0000000004005030      0x170 common/built-in.o
 .text.set_working_fdt_addr
                0x00000000040051a0       0x1c common/built-in.o
                0x00000000040051a0                set_working_fdt_addr
 .text.do_fdt   0x00000000040051bc      0xeac common/built-in.o
 .text.do_fpga  0x0000000004006068      0x424 common/built-in.o
                0x0000000004006068                do_fpga
 .text.do_help  0x000000000400648c       0x44 common/built-in.o
 .text.get_alen
                0x00000000040064d0       0x3c common/built-in.o
 .text.do_i2c   0x000000000400650c       0x5c common/built-in.o
 .text.do_i2c_reset
                0x0000000004006568       0x30 common/built-in.o
 .text.do_i2c_mw
                0x0000000004006598       0xf0 common/built-in.o
 .text.do_i2c_read
                0x0000000004006688       0xac common/built-in.o
 .text.do_i2c_probe
                0x0000000004006734       0xa0 common/built-in.o
 .text.do_i2c_md
                0x00000000040067d4      0x1d4 common/built-in.o
 .text.do_i2c_crc
                0x00000000040069a8      0x114 common/built-in.o
 .text.do_i2c_bus_num
                0x0000000004006abc       0xb8 common/built-in.o
                0x0000000004006abc                do_i2c_bus_num
 .text.do_i2c_bus_speed
                0x0000000004006b74       0x74 common/built-in.o
 .text.do_i2c_show_bus
                0x0000000004006be8       0xe0 common/built-in.o
                0x0000000004006be8                do_i2c_show_bus
 .text.do_i2c_write
                0x0000000004006cc8       0xf0 common/built-in.o
 .text.do_i2c_loop
                0x0000000004006db8       0xdc common/built-in.o
 .text.mod_i2c_mem.isra.4
                0x0000000004006e94      0x1e4 common/built-in.o
 .text.do_i2c_nm
                0x0000000004007078        0x8 common/built-in.o
 .text.do_i2c_mm
                0x0000000004007080        0x8 common/built-in.o
 .text.i2c_init_board
                0x0000000004007088        0x4 common/built-in.o
                0x0000000004007088                i2c_init_board
 .text.evalexp  0x000000000400708c       0x78 common/built-in.o
 .text.binary_test
                0x0000000004007104      0x1cc common/built-in.o
 .text.do_itest
                0x00000000040072d0       0x98 common/built-in.o
 .text.bin_data_init
                0x0000000004007368       0x2c common/built-in.o
 .text.k_data_restore
                0x0000000004007394       0x4c common/built-in.o
 .text.load_serial_ymodem
                0x00000000040073e0       0xe0 common/built-in.o
 .text.getcxmodem
                0x00000000040074c0       0x20 common/built-in.o
 .text.bin_data_char
                0x00000000040074e0       0x28 common/built-in.o
 .text.chk1.constprop.1
                0x0000000004007508       0x30 common/built-in.o
 .text.s1_sendpacket.constprop.2
                0x0000000004007538       0x50 common/built-in.o
 .text.load_serial
                0x0000000004007588      0x1f8 common/built-in.o
 .text.do_load_serial
                0x0000000004007780       0xe0 common/built-in.o
 .text.do_load_serial_bin
                0x0000000004007860      0x7fc common/built-in.o
 .text.extract_range
                0x000000000400805c       0xd8 common/built-in.o
 .text.do_mdio  0x0000000004008134      0x4c0 common/built-in.o
 .text.do_mem_loop
                0x00000000040085f4       0xfc common/built-in.o
 .text.do_mem_mw
                0x00000000040086f0       0xc4 common/built-in.o
 .text.do_mem_base
                0x00000000040087b4       0x40 common/built-in.o
 .text.do_mem_cmp
                0x00000000040087f4      0x158 common/built-in.o
 .text.do_mem_crc
                0x000000000400894c       0x48 common/built-in.o
 .text.do_mem_cp
                0x0000000004008994       0xd8 common/built-in.o
 .text.do_mem_md
                0x0000000004008a6c       0xec common/built-in.o
 .text.mod_mem.isra.2
                0x0000000004008b58      0x178 common/built-in.o
 .text.do_mem_nm
                0x0000000004008cd0        0x8 common/built-in.o
 .text.do_mem_mm
                0x0000000004008cd8        0x8 common/built-in.o
 .text.do_mii   0x0000000004008ce0      0x7b8 common/built-in.o
 .text.do_sleep
                0x0000000004009498       0x70 common/built-in.o
 .text.do_mmcops
                0x0000000004009508      0x524 common/built-in.o
 .text.do_mmcinfo
                0x0000000004009a2c      0x17c common/built-in.o
 .text.netboot_common
                0x0000000004009ba8      0x30c common/built-in.o
 .text.do_nfs   0x0000000004009eb4        0xc common/built-in.o
 .text.do_dhcp  0x0000000004009ec0        0xc common/built-in.o
 .text.do_bootp
                0x0000000004009ecc        0xc common/built-in.o
 .text.do_tftpput
                0x0000000004009ed8        0xc common/built-in.o
                0x0000000004009ed8                do_tftpput
 .text.do_tftpb
                0x0000000004009ee4       0x40 common/built-in.o
                0x0000000004009ee4                do_tftpb
 .text.do_ping  0x0000000004009f24       0x74 common/built-in.o
 .text.do_env_delete
                0x0000000004009f98       0xa8 common/built-in.o
 .text.env_print
                0x000000000400a040       0xc8 common/built-in.o
 .text.do_env_print
                0x000000000400a108       0xc8 common/built-in.o
 .text.do_env   0x000000000400a1d0       0x5c common/built-in.o
 .text.do_env_import
                0x000000000400a22c      0x264 common/built-in.o
 .text.do_env_default
                0x000000000400a490       0xb4 common/built-in.o
 .text.do_env_save
                0x000000000400a544       0x2c common/built-in.o
 .text._do_env_set.isra.0
                0x000000000400a570      0x1d8 common/built-in.o
 .text.do_env_set
                0x000000000400a748       0x1c common/built-in.o
 .text.get_env_id
                0x000000000400a764       0x10 common/built-in.o
                0x000000000400a764                get_env_id
 .text.setenv   0x000000000400a774       0x60 common/built-in.o
                0x000000000400a774                setenv
 .text.setenv_ulong
                0x000000000400a7d4       0x20 common/built-in.o
                0x000000000400a7d4                setenv_ulong
 .text.setenv_hex
                0x000000000400a7f4       0x34 common/built-in.o
                0x000000000400a7f4                setenv_hex
 .text.do_env_export
                0x000000000400a828      0x26c common/built-in.o
 .text.envmatch
                0x000000000400aa94       0x6c common/built-in.o
                0x000000000400aa94                envmatch
 .text.getenv_f
                0x000000000400ab00       0xd0 common/built-in.o
                0x000000000400ab00                getenv_f
 .text.getenv   0x000000000400abd0       0x78 common/built-in.o
                0x000000000400abd0                getenv
 .text.do_env_edit
                0x000000000400ac48       0x7c common/built-in.o
 .text.getenv_ulong
                0x000000000400acc4       0x30 common/built-in.o
                0x000000000400acc4                getenv_ulong
 .text.getenv_hex
                0x000000000400acf4       0x34 common/built-in.o
                0x000000000400acf4                getenv_hex
 .text.bytes_per_second
                0x000000000400ad28       0x50 common/built-in.o
 .text.do_spi_flash
                0x000000000400ad78      0x774 common/built-in.o
 .text.source   0x000000000400b4ec      0x1b8 common/built-in.o
                0x000000000400b4ec                source
 .text.do_source
                0x000000000400b6a4       0x6c common/built-in.o
                0x000000000400b6a4                do_source
 .text.do_spi   0x000000000400b710      0x268 common/built-in.o
                0x000000000400b710                do_spi
 .text.do_spl   0x000000000400b978      0x19c common/built-in.o
 .text.do_false
                0x000000000400bb14        0x8 common/built-in.o
 .text.do_true  0x000000000400bb1c        0x8 common/built-in.o
 .text.do_test  0x000000000400bb24      0x478 common/built-in.o
 .text.usb_get_class_desc
                0x000000000400bf9c       0xc4 common/built-in.o
 .text.do_usbboot
                0x000000000400c060        0xc common/built-in.o
 .text.usb_display_class_sub
                0x000000000400c06c      0x188 common/built-in.o
 .text.usb_find_device
                0x000000000400c1f4       0x3c common/built-in.o
 .text.usb_show_tree_graph
                0x000000000400c230      0x21c common/built-in.o
 .text.usb_display_string
                0x000000000400c44c       0x44 common/built-in.o
 .text.usb_display_config
                0x000000000400c490      0x22c common/built-in.o
 .text.usb_display_desc.part.1
                0x000000000400c6bc      0x120 common/built-in.o
 .text.do_usb   0x000000000400c7dc      0x770 common/built-in.o
 .text.do_version
                0x000000000400cf4c       0x38 common/built-in.o
 .text.do_imgextract
                0x000000000400cf84      0x398 common/built-in.o
 .text.find_cmd_tbl
                0x000000000400d31c       0xa4 common/built-in.o
                0x000000000400d31c                find_cmd_tbl
 .text.find_cmd
                0x000000000400d3c0       0x28 common/built-in.o
                0x000000000400d3c0                find_cmd
 .text.cmd_usage
                0x000000000400d3e8       0x5c common/built-in.o
                0x000000000400d3e8                cmd_usage
 .text._do_help
                0x000000000400d444      0x184 common/built-in.o
                0x000000000400d444                _do_help
 .text.var_complete
                0x000000000400d5c8       0x88 common/built-in.o
                0x000000000400d5c8                var_complete
 .text.cmd_auto_complete
                0x000000000400d650      0x4c8 common/built-in.o
                0x000000000400d650                cmd_auto_complete
 .text.cmd_get_data_size
                0x000000000400db18       0x50 common/built-in.o
                0x000000000400db18                cmd_get_data_size
 .text.cmd_process
                0x000000000400db68       0xec common/built-in.o
                0x000000000400db68                cmd_process
 .text.console_setfile
                0x000000000400dc54       0xa0 common/built-in.o
 .text.fgetc    0x000000000400dcf4       0x2c common/built-in.o
                0x000000000400dcf4                fgetc
 .text.ftstc    0x000000000400dd20       0x2c common/built-in.o
                0x000000000400dd20                ftstc
 .text.fputc    0x000000000400dd4c       0x28 common/built-in.o
                0x000000000400dd4c                fputc
 .text.getc     0x000000000400dd74       0x24 common/built-in.o
                0x000000000400dd74                getc
 .text.tstc     0x000000000400dd98       0x24 common/built-in.o
                0x000000000400dd98                tstc
 .text.putc     0x000000000400ddbc       0x28 common/built-in.o
                0x000000000400ddbc                putc
 .text.puts     0x000000000400dde4       0x3c common/built-in.o
                0x000000000400dde4                puts
 .text.printf   0x000000000400de20       0x58 common/built-in.o
                0x000000000400de20                printf
 .text.vprintf  0x000000000400de78       0x40 common/built-in.o
                0x000000000400de78                vprintf
 .text.ctrlc    0x000000000400deb8       0x58 common/built-in.o
                0x000000000400deb8                ctrlc
 .text.had_ctrlc
                0x000000000400df10       0x10 common/built-in.o
                0x000000000400df10                had_ctrlc
 .text.clear_ctrlc
                0x000000000400df20       0x14 common/built-in.o
                0x000000000400df20                clear_ctrlc
 .text.search_device
                0x000000000400df34       0x30 common/built-in.o
                0x000000000400df34                search_device
 .text.console_assign
                0x000000000400df64       0x48 common/built-in.o
                0x000000000400df64                console_assign
 .text.on_console
                0x000000000400dfac       0xc4 common/built-in.o
 .text.console_init_f
                0x000000000400e070       0x10 common/built-in.o
                0x000000000400e070                console_init_f
 .text.stdio_print_current_devices
                0x000000000400e080       0xb8 common/built-in.o
                0x000000000400e080                stdio_print_current_devices
 .text.console_init_r
                0x000000000400e138       0xd4 common/built-in.o
                0x000000000400e138                console_init_r
 .text.sbrk     0x000000000400e20c       0x70 common/built-in.o
                0x000000000400e20c                sbrk
 .text.mem_malloc_init
                0x000000000400e27c       0x34 common/built-in.o
                0x000000000400e27c                mem_malloc_init
 .text.malloc_trim
                0x000000000400e2b0       0xcc common/built-in.o
                0x000000000400e2b0                malloc_trim
 .text.free     0x000000000400e37c      0x238 common/built-in.o
                0x000000000400e37c                free
 .text.malloc   0x000000000400e5b4      0x604 common/built-in.o
                0x000000000400e5b4                malloc
 .text.calloc   0x000000000400ebb8       0xd8 common/built-in.o
                0x000000000400ebb8                calloc
 .text.memalign
                0x000000000400ec90      0x10c common/built-in.o
                0x000000000400ec90                memalign
 .text.realloc  0x000000000400ed9c      0x4bc common/built-in.o
                0x000000000400ed9c                realloc
 .text.env_attr_walk
                0x000000000400f258      0x11c common/built-in.o
                0x000000000400f258                env_attr_walk
 .text.env_attr_lookup
                0x000000000400f374      0x190 common/built-in.o
                0x000000000400f374                env_attr_lookup
 .text.clear_callback
                0x000000000400f504       0x10 common/built-in.o
 .text.on_callbacks
                0x000000000400f514       0x48 common/built-in.o
 .text.set_callback
                0x000000000400f55c       0xd8 common/built-in.o
 .text.env_callback_init
                0x000000000400f634      0x114 common/built-in.o
                0x000000000400f634                env_callback_init
 .text.__env_get_char_spec
                0x000000000400f748        0xc common/built-in.o
                0x000000000400f748                env_get_char_spec
 .text.env_get_addr
                0x000000000400f754       0x20 common/built-in.o
                0x000000000400f754                env_get_addr
 .text.env_get_char_memory
                0x000000000400f774       0x10 common/built-in.o
                0x000000000400f774                env_get_char_memory
 .text.env_get_char
                0x000000000400f784       0x30 common/built-in.o
                0x000000000400f784                env_get_char
 .text.getenv_yesno
                0x000000000400f7b4       0x50 common/built-in.o
                0x000000000400f7b4                getenv_yesno
 .text.getenv_default
                0x000000000400f804       0x30 common/built-in.o
                0x000000000400f804                getenv_default
 .text.set_default_env
                0x000000000400f834       0xb8 common/built-in.o
                0x000000000400f834                set_default_env
 .text.set_default_vars
                0x000000000400f8ec       0x34 common/built-in.o
                0x000000000400f8ec                set_default_vars
 .text.env_import
                0x000000000400f920       0xdc common/built-in.o
                0x000000000400f920                env_import
 .text.env_relocate
                0x000000000400f9fc       0x30 common/built-in.o
                0x000000000400f9fc                env_relocate
 .text.env_complete
                0x000000000400fa2c       0xd4 common/built-in.o
                0x000000000400fa2c                env_complete
 .text.skip_num
                0x000000000400fb00       0x80 common/built-in.o
 .text.clear_flags
                0x000000000400fb80       0x10 common/built-in.o
 .text.on_flags
                0x000000000400fb90       0x48 common/built-in.o
 .text.env_flags_parse_vartype
                0x000000000400fbd8       0x50 common/built-in.o
                0x000000000400fbd8                env_flags_parse_vartype
 .text.env_flags_parse_varaccess
                0x000000000400fc28       0x58 common/built-in.o
                0x000000000400fc28                env_flags_parse_varaccess
 .text.set_flags
                0x000000000400fc80       0xac common/built-in.o
 .text.env_flags_init
                0x000000000400fd2c       0xd4 common/built-in.o
                0x000000000400fd2c                env_flags_init
 .text.env_flags_validate
                0x000000000400fe00      0x310 common/built-in.o
                0x000000000400fe00                env_flags_validate
 .text.saveenv  0x0000000004010110      0x170 common/built-in.o
                0x0000000004010110                saveenv
 .text.env_relocate_spec
                0x0000000004010280       0xa8 common/built-in.o
                0x0000000004010280                env_relocate_spec
 .text.env_init
                0x0000000004010328       0x1c common/built-in.o
                0x0000000004010328                env_init
 .text.dummy    0x0000000004010344        0x4 common/built-in.o
 .text.get_version
                0x0000000004010348        0x8 common/built-in.o
                0x0000000004010348                get_version
 .text.jumptable_init
                0x0000000004010350      0x1d0 common/built-in.o
                0x0000000004010350                jumptable_init
 .text.write_cell
                0x0000000004010520       0x4c common/built-in.o
 .text.get_cells_len
                0x000000000401056c       0x3c common/built-in.o
 .text.fdt_find_and_setprop
                0x00000000040105a8       0x70 common/built-in.o
                0x00000000040105a8                fdt_find_and_setprop
 .text.fdt_initrd
                0x0000000004010618      0x1e0 common/built-in.o
                0x0000000004010618                fdt_initrd
 .text.fdt_chosen
                0x00000000040107f8      0x108 common/built-in.o
                0x00000000040107f8                fdt_chosen
 .text.do_fixup_by_path
                0x0000000004010900       0x54 common/built-in.o
                0x0000000004010900                do_fixup_by_path
 .text.fdt_fixup_memory_banks
                0x0000000004010954      0x1a8 common/built-in.o
                0x0000000004010954                fdt_fixup_memory_banks
 .text.fdt_fixup_memory
                0x0000000004010afc       0x20 common/built-in.o
                0x0000000004010afc                fdt_fixup_memory
 .text.fdt_fixup_ethernet
                0x0000000004010b1c      0x12c common/built-in.o
                0x0000000004010b1c                fdt_fixup_ethernet
 .text.fdt_resize
                0x0000000004010c48       0xd0 common/built-in.o
                0x0000000004010c48                fdt_resize
 .text.hash_command
                0x0000000004010d18       0xa0 common/built-in.o
                0x0000000004010d18                hash_command
 .text.b_reset  0x0000000004010db8       0x1c common/built-in.o
 .text.static_get
                0x0000000004010dd4       0x1c common/built-in.o
 .text.static_peek
                0x0000000004010df0        0xc common/built-in.o
 .text.file_peek
                0x0000000004010dfc        0xc common/built-in.o
 .text.mapset   0x0000000004010e08       0x24 common/built-in.o
 .text.syntax_err
                0x0000000004010e2c        0xc common/built-in.o
 .text.do_showvar
                0x0000000004010e38       0xf4 common/built-in.o
 .text.xmalloc  0x0000000004010f2c       0x20 common/built-in.o
 .text.new_pipe
                0x0000000004010f4c       0x28 common/built-in.o
 .text.free_pipe_list
                0x0000000004010f74       0xf4 common/built-in.o
 .text.xrealloc
                0x0000000004011068       0x20 common/built-in.o
 .text.done_command
                0x0000000004011088       0x88 common/built-in.o
 .text.done_pipe
                0x0000000004011110       0x4c common/built-in.o
 .text.done_word
                0x000000000401115c      0x2b0 common/built-in.o
 .text.is_assignment
                0x000000000401140c       0x54 common/built-in.o
 .text.file_get
                0x0000000004011460      0x1d0 common/built-in.o
 .text.b_addchr
                0x0000000004011630       0x80 common/built-in.o
 .text.b_addqchr
                0x00000000040116b0       0x50 common/built-in.o
 .text.get_local_var
                0x0000000004011700       0x98 common/built-in.o
                0x0000000004011700                get_local_var
 .text.set_local_var
                0x0000000004011798      0x1c0 common/built-in.o
                0x0000000004011798                set_local_var
 .text.insert_var_value_sub
                0x0000000004011958      0x2b0 common/built-in.o
 .text.parse_string_outer
                0x0000000004011c08       0xf0 common/built-in.o
                0x0000000004011c08                parse_string_outer
 .text.run_list_real
                0x0000000004011cf8      0x7a8 common/built-in.o
 .text.parse_stream_outer
                0x00000000040124a0      0x6d0 common/built-in.o
 .text.parse_file_outer
                0x0000000004012b70       0x44 common/built-in.o
                0x0000000004012b70                parse_file_outer
 .text.u_boot_hush_start
                0x0000000004012bb4       0x54 common/built-in.o
                0x0000000004012bb4                u_boot_hush_start
 .text.fdt_error
                0x0000000004012c08       0x2c common/built-in.o
 .text.boot_fdt_add_mem_rsv_regions
                0x0000000004012c34       0x88 common/built-in.o
                0x0000000004012c34                boot_fdt_add_mem_rsv_regions
 .text.boot_relocate_fdt
                0x0000000004012cbc      0x194 common/built-in.o
                0x0000000004012cbc                boot_relocate_fdt
 .text.boot_get_fdt
                0x0000000004012e50      0x3a0 common/built-in.o
                0x0000000004012e50                boot_get_fdt
 .text.ft_verify_fdt
                0x00000000040131f0        0x8 common/built-in.o
                0x00000000040131f0                ft_verify_fdt
 .text.image_setup_libfdt
                0x00000000040131f8       0xd4 common/built-in.o
                0x00000000040131f8                image_setup_libfdt
 .text.fit_parse_conf
                0x00000000040132cc       0x64 common/built-in.o
                0x00000000040132cc                fit_parse_conf
 .text.fit_parse_subimage
                0x0000000004013330       0x64 common/built-in.o
                0x0000000004013330                fit_parse_subimage
 .text.fit_get_desc
                0x0000000004013394       0x2c common/built-in.o
                0x0000000004013394                fit_get_desc
 .text.fit_image_get_node
                0x00000000040133c0       0x30 common/built-in.o
                0x00000000040133c0                fit_image_get_node
 .text.fit_image_get_os
                0x00000000040133f0       0x38 common/built-in.o
                0x00000000040133f0                fit_image_get_os
 .text.fit_image_get_arch
                0x0000000004013428       0x38 common/built-in.o
                0x0000000004013428                fit_image_get_arch
 .text.fit_image_get_type
                0x0000000004013460       0x38 common/built-in.o
                0x0000000004013460                fit_image_get_type
 .text.fit_image_get_comp
                0x0000000004013498       0x38 common/built-in.o
                0x0000000004013498                fit_image_get_comp
 .text.fit_image_get_load
                0x00000000040134d0       0x34 common/built-in.o
                0x00000000040134d0                fit_image_get_load
 .text.fit_image_get_entry
                0x0000000004013504       0x34 common/built-in.o
                0x0000000004013504                fit_image_get_entry
 .text.fit_image_get_data
                0x0000000004013538       0x3c common/built-in.o
                0x0000000004013538                fit_image_get_data
 .text.fit_image_hash_get_algo
                0x0000000004013574       0x2c common/built-in.o
                0x0000000004013574                fit_image_hash_get_algo
 .text.fit_image_hash_get_value
                0x00000000040135a0       0x3c common/built-in.o
                0x00000000040135a0                fit_image_hash_get_value
 .text.fit_image_print_data
                0x00000000040135dc      0x140 common/built-in.o
 .text.fit_image_print
                0x000000000401371c      0x32c common/built-in.o
                0x000000000401371c                fit_image_print
 .text.calculate_hash
                0x0000000004013a48       0xd0 common/built-in.o
                0x0000000004013a48                calculate_hash
 .text.fit_image_verify
                0x0000000004013b18      0x21c common/built-in.o
                0x0000000004013b18                fit_image_verify
 .text.fit_all_image_verify
                0x0000000004013d34       0xe0 common/built-in.o
                0x0000000004013d34                fit_all_image_verify
 .text.fit_image_check_os
                0x0000000004013e14       0x34 common/built-in.o
                0x0000000004013e14                fit_image_check_os
 .text.fit_image_check_arch
                0x0000000004013e48       0x34 common/built-in.o
                0x0000000004013e48                fit_image_check_arch
 .text.fit_image_check_type
                0x0000000004013e7c       0x34 common/built-in.o
                0x0000000004013e7c                fit_image_check_type
 .text.fit_image_check_comp
                0x0000000004013eb0       0x34 common/built-in.o
                0x0000000004013eb0                fit_image_check_comp
 .text.fit_check_format
                0x0000000004013ee4       0x40 common/built-in.o
                0x0000000004013ee4                fit_check_format
 .text.fit_conf_get_node
                0x0000000004013f24       0x68 common/built-in.o
                0x0000000004013f24                fit_conf_get_node
 .text.fit_conf_get_prop_node
                0x0000000004013f8c       0x28 common/built-in.o
                0x0000000004013f8c                fit_conf_get_prop_node
 .text.fit_conf_print
                0x0000000004013fb4      0x104 common/built-in.o
                0x0000000004013fb4                fit_conf_print
 .text.fit_print_contents
                0x00000000040140b8      0x1e8 common/built-in.o
                0x00000000040140b8                fit_print_contents
 .text.fit_image_select
                0x00000000040142a0       0x6c common/built-in.o
                0x00000000040142a0                fit_image_select
 .text.fit_get_node_from_config
                0x000000000401430c       0x44 common/built-in.o
                0x000000000401430c                fit_get_node_from_config
 .text.fit_image_load
                0x0000000004014350      0x488 common/built-in.o
                0x0000000004014350                fit_image_load
 .text.on_loadaddr
                0x00000000040147d8       0x38 common/built-in.o
 .text.image_check_hcrc
                0x0000000004014810       0x4c common/built-in.o
                0x0000000004014810                image_check_hcrc
 .text.image_check_dcrc
                0x000000000401485c       0x38 common/built-in.o
                0x000000000401485c                image_check_dcrc
 .text.image_multi_count
                0x0000000004014894       0x20 common/built-in.o
                0x0000000004014894                image_multi_count
 .text.image_multi_getimg
                0x00000000040148b4       0x80 common/built-in.o
                0x00000000040148b4                image_multi_getimg
 .text.getenv_bootm_low
                0x0000000004014934       0x28 common/built-in.o
                0x0000000004014934                getenv_bootm_low
 .text.getenv_bootm_size
                0x000000000401495c       0x60 common/built-in.o
                0x000000000401495c                getenv_bootm_size
 .text.getenv_bootm_mapsize
                0x00000000040149bc       0x30 common/built-in.o
                0x00000000040149bc                getenv_bootm_mapsize
 .text.memmove_wd
                0x00000000040149ec        0xc common/built-in.o
                0x00000000040149ec                memmove_wd
 .text.genimg_print_size
                0x00000000040149f8       0x30 common/built-in.o
                0x00000000040149f8                genimg_print_size
 .text.get_table_entry_name
                0x0000000004014a28       0x2c common/built-in.o
                0x0000000004014a28                get_table_entry_name
 .text.genimg_get_os_name
                0x0000000004014a54       0x18 common/built-in.o
                0x0000000004014a54                genimg_get_os_name
 .text.genimg_get_arch_name
                0x0000000004014a6c       0x18 common/built-in.o
                0x0000000004014a6c                genimg_get_arch_name
 .text.genimg_get_type_name
                0x0000000004014a84       0x18 common/built-in.o
                0x0000000004014a84                genimg_get_type_name
 .text.genimg_get_comp_name
                0x0000000004014a9c       0x18 common/built-in.o
                0x0000000004014a9c                genimg_get_comp_name
 .text.image_print_contents
                0x0000000004014ab4      0x170 common/built-in.o
                0x0000000004014ab4                image_print_contents
 .text.get_table_entry_id
                0x0000000004014c24       0x50 common/built-in.o
                0x0000000004014c24                get_table_entry_id
 .text.genimg_get_os_id
                0x0000000004014c74       0x18 common/built-in.o
                0x0000000004014c74                genimg_get_os_id
 .text.genimg_get_arch_id
                0x0000000004014c8c       0x18 common/built-in.o
                0x0000000004014c8c                genimg_get_arch_id
 .text.genimg_get_type_id
                0x0000000004014ca4       0x18 common/built-in.o
                0x0000000004014ca4                genimg_get_type_id
 .text.genimg_get_comp_id
                0x0000000004014cbc       0x18 common/built-in.o
                0x0000000004014cbc                genimg_get_comp_id
 .text.genimg_get_format
                0x0000000004014cd4       0x38 common/built-in.o
                0x0000000004014cd4                genimg_get_format
 .text.genimg_get_image
                0x0000000004014d0c        0x4 common/built-in.o
                0x0000000004014d0c                genimg_get_image
 .text.genimg_has_config
                0x0000000004014d10       0x10 common/built-in.o
                0x0000000004014d10                genimg_has_config
 .text.boot_get_ramdisk
                0x0000000004014d20      0x354 common/built-in.o
                0x0000000004014d20                boot_get_ramdisk
 .text.boot_ramdisk_high
                0x0000000004015074      0x140 common/built-in.o
                0x0000000004015074                boot_ramdisk_high
 .text.image_setup_linux
                0x00000000040151b4       0x88 common/built-in.o
                0x00000000040151b4                image_setup_linux
 .text.delete_char.part.0
                0x000000000401523c       0xd4 common/built-in.o
 .text.cread_add_char
                0x0000000004015310       0xec common/built-in.o
 .text.__show_boot_progress
                0x00000000040153fc        0x4 common/built-in.o
                0x00000000040153fc                __show_boot_progress
                0x00000000040153fc                show_boot_progress
 .text.readline_into_buffer
                0x0000000004015400      0x9cc common/built-in.o
                0x0000000004015400                readline_into_buffer
 .text.readline
                0x0000000004015dcc       0x14 common/built-in.o
                0x0000000004015dcc                readline
 .text.run_command
                0x0000000004015de0        0x8 common/built-in.o
                0x0000000004015de0                run_command
 .text.run_command_list
                0x0000000004015de8       0x5c common/built-in.o
                0x0000000004015de8                run_command_list
 .text.main_loop
                0x0000000004015e44      0x110 common/built-in.o
                0x0000000004015e44                main_loop
 .text.do_run   0x0000000004015f54       0x74 common/built-in.o
                0x0000000004015f54                do_run
 .text.legacy_miiphy_read
                0x0000000004015fc8       0x30 common/built-in.o
 .text.legacy_miiphy_write
                0x0000000004015ff8       0x24 common/built-in.o
 .text.miiphy_get_dev_by_name
                0x000000000401601c       0x5c common/built-in.o
                0x000000000401601c                miiphy_get_dev_by_name
 .text.miiphy_init
                0x0000000004016078       0x24 common/built-in.o
                0x0000000004016078                miiphy_init
 .text.mdio_alloc
                0x000000000401609c       0x30 common/built-in.o
                0x000000000401609c                mdio_alloc
 .text.miiphy_register
                0x00000000040160cc      0x108 common/built-in.o
                0x00000000040160cc                miiphy_register
 .text.mdio_list_devices
                0x00000000040161d4       0x9c common/built-in.o
                0x00000000040161d4                mdio_list_devices
 .text.miiphy_set_current_dev
                0x0000000004016270       0x40 common/built-in.o
                0x0000000004016270                miiphy_set_current_dev
 .text.miiphy_get_active_dev
                0x00000000040162b0       0x54 common/built-in.o
 .text.mdio_get_current_dev
                0x0000000004016304       0x10 common/built-in.o
                0x0000000004016304                mdio_get_current_dev
 .text.mdio_phydev_for_ethname
                0x0000000004016314       0x8c common/built-in.o
                0x0000000004016314                mdio_phydev_for_ethname
 .text.miiphy_get_current_dev
                0x00000000040163a0       0x18 common/built-in.o
                0x00000000040163a0                miiphy_get_current_dev
 .text.miiphy_read
                0x00000000040163b8       0x4c common/built-in.o
                0x00000000040163b8                miiphy_read
 .text.miiphy_write
                0x0000000004016404       0x40 common/built-in.o
                0x0000000004016404                miiphy_write
 .text.miiphy_listdev
                0x0000000004016444       0x74 common/built-in.o
                0x0000000004016444                miiphy_listdev
 .text.miiphy_info
                0x00000000040164b8       0x84 common/built-in.o
                0x00000000040164b8                miiphy_info
 .text.miiphy_speed
                0x000000000401653c       0x90 common/built-in.o
                0x000000000401653c                miiphy_speed
 .text.miiphy_duplex
                0x00000000040165cc       0x90 common/built-in.o
                0x00000000040165cc                miiphy_duplex
 .text.miiphy_is_1000base_x
                0x000000000401665c        0x8 common/built-in.o
                0x000000000401665c                miiphy_is_1000base_x
 .text.hex1_bin
                0x0000000004016664       0x40 common/built-in.o
 .text.hex2_bin
                0x00000000040166a4       0x38 common/built-in.o
 .text.srec_decode
                0x00000000040166dc      0x25c common/built-in.o
                0x00000000040166dc                srec_decode
 .text.stdio_get_list
                0x0000000004016938        0xc common/built-in.o
                0x0000000004016938                stdio_get_list
 .text.stdio_get_by_name
                0x0000000004016944       0x50 common/built-in.o
                0x0000000004016944                stdio_get_by_name
 .text.stdio_clone
                0x0000000004016994       0x3c common/built-in.o
                0x0000000004016994                stdio_clone
 .text.stdio_register
                0x00000000040169d0       0x44 common/built-in.o
                0x00000000040169d0                stdio_register
 .text.stdio_init
                0x0000000004016a14       0x90 common/built-in.o
                0x0000000004016a14                stdio_init
 .text.usb_set_maxpacket_ep
                0x0000000004016aa4       0x68 common/built-in.o
 .text.usb_stop
                0x0000000004016b0c       0x78 common/built-in.o
                0x0000000004016b0c                usb_stop
 .text.usb_disable_asynch
                0x0000000004016b84       0x20 common/built-in.o
                0x0000000004016b84                usb_disable_asynch
 .text.usb_control_msg
                0x0000000004016ba4       0xc0 common/built-in.o
                0x0000000004016ba4                usb_control_msg
 .text.usb_get_descriptor
                0x0000000004016c64       0x50 common/built-in.o
 .text.usb_get_string
                0x0000000004016cb4       0x6c common/built-in.o
 .text.usb_string_sub
                0x0000000004016d20      0x10c common/built-in.o
 .text.usb_bulk_msg
                0x0000000004016e2c       0x74 common/built-in.o
                0x0000000004016e2c                usb_bulk_msg
 .text.usb_maxpacket
                0x0000000004016ea0       0x1c common/built-in.o
                0x0000000004016ea0                usb_maxpacket
 .text.usb_clear_halt
                0x0000000004016ebc       0xa0 common/built-in.o
                0x0000000004016ebc                usb_clear_halt
 .text.usb_get_configuration_no
                0x0000000004016f5c       0xb8 common/built-in.o
                0x0000000004016f5c                usb_get_configuration_no
 .text.usb_set_interface
                0x0000000004017014       0xb8 common/built-in.o
                0x0000000004017014                usb_set_interface
 .text.usb_string
                0x00000000040170cc      0x108 common/built-in.o
                0x00000000040170cc                usb_string
 .text.usb_get_dev_index
                0x00000000040171d4       0x24 common/built-in.o
                0x00000000040171d4                usb_get_dev_index
 .text.usb_alloc_new_device
                0x00000000040171f8       0x84 common/built-in.o
                0x00000000040171f8                usb_alloc_new_device
 .text.usb_free_device
                0x000000000401727c       0x48 common/built-in.o
                0x000000000401727c                usb_free_device
 .text.usb_alloc_device
                0x00000000040172c4        0x8 common/built-in.o
                0x00000000040172c4                usb_alloc_device
 .text.usb_new_device
                0x00000000040172cc      0x600 common/built-in.o
                0x00000000040172cc                usb_new_device
 .text.usb_init
                0x00000000040178cc      0x13c common/built-in.o
                0x00000000040178cc                usb_init
 .text.usb_get_hub_descriptor
                0x0000000004017a08       0x50 common/built-in.o
 .text.usb_get_port_status
                0x0000000004017a58       0x4c common/built-in.o
 .text.usb_set_port_feature
                0x0000000004017aa4       0x4c common/built-in.o
 .text.usb_clear_port_feature
                0x0000000004017af0       0x4c common/built-in.o
 .text.usb_hub_power_on
                0x0000000004017b3c       0xb4 common/built-in.o
 .text.usb_hub_reset_devices
                0x0000000004017bf0        0x4 common/built-in.o
                0x0000000004017bf0                usb_hub_reset_devices
 .text.usb_hub_reset
                0x0000000004017bf4       0x14 common/built-in.o
                0x0000000004017bf4                usb_hub_reset
 .text.hub_port_reset
                0x0000000004017c08       0xac common/built-in.o
                0x0000000004017c08                hub_port_reset
 .text.usb_hub_port_connect_change
                0x0000000004017cb4      0x130 common/built-in.o
                0x0000000004017cb4                usb_hub_port_connect_change
 .text.usb_hub_configure
                0x0000000004017de4      0x2e4 common/built-in.o
 .text.usb_hub_probe
                0x00000000040180c8       0x58 common/built-in.o
                0x00000000040180c8                usb_hub_probe
 .text.usb_stor_irq
                0x0000000004018120       0x1c common/built-in.o
 .text.usb_request_sense
                0x000000000401813c       0x68 common/built-in.o
 .text.usb_stor_BBB_clear_endpt_stall
                0x00000000040181a4       0x44 common/built-in.o
 .text.usb_stor_BBB_reset
                0x00000000040181e8       0xd4 common/built-in.o
 .text.usb_stor_CB_reset
                0x00000000040182bc       0xcc common/built-in.o
 .text.usb_stor_BBB_transport
                0x0000000004018388      0x264 common/built-in.o
 .text.usb_stor_CB_comdat
                0x00000000040185ec      0x1fc common/built-in.o
 .text.usb_stor_CBI_get_status.isra.0
                0x00000000040187e8       0xc8 common/built-in.o
 .text.usb_stor_CB_transport
                0x00000000040188b0      0x224 common/built-in.o
 .text.usb_stor_read
                0x0000000004018ad4      0x1b8 common/built-in.o
                0x0000000004018ad4                usb_stor_read
 .text.usb_stor_write
                0x0000000004018c8c      0x1b8 common/built-in.o
                0x0000000004018c8c                usb_stor_write
 .text.usb_stor_get_dev
                0x0000000004018e44       0x28 common/built-in.o
                0x0000000004018e44                usb_stor_get_dev
 .text.usb_stor_info
                0x0000000004018e6c       0x78 common/built-in.o
                0x0000000004018e6c                usb_stor_info
 .text.usb_storage_probe
                0x0000000004018ee4      0x20c common/built-in.o
                0x0000000004018ee4                usb_storage_probe
 .text.usb_stor_get_info
                0x00000000040190f0      0x338 common/built-in.o
                0x00000000040190f0                usb_stor_get_info
 .text.usb_stor_scan
                0x0000000004019428      0x1fc common/built-in.o
                0x0000000004019428                usb_stor_scan
 .text.CYGACC_COMM_IF_GETC_TIMEOUT.isra.1
                0x0000000004019624       0x4c common/built-in.o
 .text.xyzModem_flush
                0x0000000004019670       0x18 common/built-in.o
 .text.xyzModem_get_hdr
                0x0000000004019688      0x250 common/built-in.o
 .text.xyzModem_stream_open
                0x00000000040198d8      0x254 common/built-in.o
                0x00000000040198d8                xyzModem_stream_open
 .text.xyzModem_stream_read
                0x0000000004019b2c      0x254 common/built-in.o
                0x0000000004019b2c                xyzModem_stream_read
 .text.xyzModem_stream_close
                0x0000000004019d80       0x50 common/built-in.o
                0x0000000004019d80                xyzModem_stream_close
 .text.xyzModem_stream_terminate
                0x0000000004019dd0       0x94 common/built-in.o
                0x0000000004019dd0                xyzModem_stream_terminate
 .text.xyzModem_error
                0x0000000004019e64       0x20 common/built-in.o
                0x0000000004019e64                xyzModem_error
 .text.get_dev  0x0000000004019e84       0x64 disk/built-in.o
                0x0000000004019e84                get_dev
 .text.dev_print
                0x0000000004019ee8      0x21c disk/built-in.o
                0x0000000004019ee8                dev_print
 .text.init_part
                0x000000000401a104       0x20 disk/built-in.o
                0x000000000401a104                init_part
 .text.print_part
                0x000000000401a124       0xf8 disk/built-in.o
                0x000000000401a124                print_part
 .text.get_partition_info
                0x000000000401a21c       0x2c disk/built-in.o
                0x000000000401a21c                get_partition_info
 .text.get_device
                0x000000000401a248       0x80 disk/built-in.o
                0x000000000401a248                get_device
 .text.get_device_and_partition
                0x000000000401a2c8      0x45c disk/built-in.o
                0x000000000401a2c8                get_device_and_partition
 .text.test_block_type
                0x000000000401a724       0x7c disk/built-in.o
 .text.print_partition_extended
                0x000000000401a7a0      0x268 disk/built-in.o
 .text.get_partition_info_extended.constprop.2
                0x000000000401aa08      0x2a8 disk/built-in.o
 .text.test_part_dos
                0x000000000401acb0       0x64 disk/built-in.o
                0x000000000401acb0                test_part_dos
 .text.print_part_dos
                0x000000000401ad14       0x30 disk/built-in.o
                0x000000000401ad14                print_part_dos
 .text.get_partition_info_dos
                0x000000000401ad44       0x1c disk/built-in.o
                0x000000000401ad44                get_partition_info_dos
 .text.fpga_no_sup
                0x000000000401ad60       0x4c drivers/built-in.o
 .text.fpga_get_desc
                0x000000000401adac       0x34 drivers/built-in.o
                0x000000000401adac                fpga_get_desc
 .text.fpga_dev_info
                0x000000000401ade0       0xa0 drivers/built-in.o
 .text.fpga_validate
                0x000000000401ae80       0x54 drivers/built-in.o
                0x000000000401ae80                fpga_validate
 .text.fpga_init
                0x000000000401aed4       0x20 drivers/built-in.o
                0x000000000401aed4                fpga_init
 .text.fpga_count
                0x000000000401aef4       0x10 drivers/built-in.o
                0x000000000401aef4                fpga_count
 .text.fpga_add
                0x000000000401af04       0xa0 drivers/built-in.o
                0x000000000401af04                fpga_add
 .text.fpga_loadbitstream
                0x000000000401afa4      0x284 drivers/built-in.o
                0x000000000401afbc                fpga_loadbitstream
 .text.fpga_fsload
                0x000000000401b228       0x60 drivers/built-in.o
                0x000000000401b228                fpga_fsload
 .text.fpga_load
                0x000000000401b288       0x94 drivers/built-in.o
                0x000000000401b288                fpga_load
 .text.fpga_dump
                0x000000000401b31c       0x8c drivers/built-in.o
                0x000000000401b31c                fpga_dump
 .text.fpga_info
                0x000000000401b3a8       0x78 drivers/built-in.o
                0x000000000401b3a8                fpga_info
 .text.xilinx_validate
                0x000000000401b420       0x78 drivers/built-in.o
 .text.xilinx_fsload
                0x000000000401b498       0x78 drivers/built-in.o
                0x000000000401b498                xilinx_fsload
 .text.xilinx_load
                0x000000000401b510       0xb4 drivers/built-in.o
                0x000000000401b510                xilinx_load
 .text.xilinx_dump
                0x000000000401b5c4       0xac drivers/built-in.o
                0x000000000401b5c4                xilinx_dump
 .text.xilinx_info
                0x000000000401b670      0x20c drivers/built-in.o
                0x000000000401b670                xilinx_info
 .text.zynq_dma_transfer.constprop.4
                0x000000000401b87c       0x98 drivers/built-in.o
 .text.load_word
                0x000000000401b914       0x48 drivers/built-in.o
 .text.zynq_align_dma_buffer
                0x000000000401b95c       0xc8 drivers/built-in.o
 .text.zynq_validate_bitstream.isra.3
                0x000000000401ba24      0x258 drivers/built-in.o
 .text.zynq_info
                0x000000000401bc7c        0x8 drivers/built-in.o
                0x000000000401bc7c                zynq_info
 .text.zynq_fsload
                0x000000000401bc84      0x194 drivers/built-in.o
                0x000000000401bc84                zynq_fsload
 .text.zynq_load
                0x000000000401be18       0xd0 drivers/built-in.o
                0x000000000401be18                zynq_load
 .text.zynq_dump
                0x000000000401bee8        0x8 drivers/built-in.o
                0x000000000401bee8                zynq_dump
 .text.i2c_get_adapter
                0x000000000401bef0       0x64 drivers/i2c/built-in.o
                0x000000000401bef0                i2c_get_adapter
 .text.i2c_init_bus
                0x000000000401bf54       0x90 drivers/i2c/built-in.o
 .text.i2c_get_bus_num
                0x000000000401bfe4        0x8 drivers/i2c/built-in.o
                0x000000000401bfe4                i2c_get_bus_num
 .text.i2c_set_bus_num
                0x000000000401bfec       0xbc drivers/i2c/built-in.o
                0x000000000401bfec                i2c_set_bus_num
 .text.i2c_init_all
                0x000000000401c0a8       0x14 drivers/i2c/built-in.o
                0x000000000401c0a8                i2c_init_all
 .text.i2c_probe
                0x000000000401c0bc       0x28 drivers/i2c/built-in.o
                0x000000000401c0bc                i2c_probe
 .text.i2c_read
                0x000000000401c0e4       0x48 drivers/i2c/built-in.o
                0x000000000401c0e4                i2c_read
 .text.i2c_write
                0x000000000401c12c       0x48 drivers/i2c/built-in.o
                0x000000000401c12c                i2c_write
 .text.i2c_set_bus_speed
                0x000000000401c174       0x64 drivers/i2c/built-in.o
                0x000000000401c174                i2c_set_bus_speed
 .text.i2c_get_bus_speed
                0x000000000401c1d8       0x14 drivers/i2c/built-in.o
                0x000000000401c1d8                i2c_get_bus_speed
 .text.__i2c_init
                0x000000000401c1ec       0x14 drivers/i2c/built-in.o
                0x000000000401c1ec                __i2c_init
                0x000000000401c1ec                i2c_init
 .text.zynq_i2c_init
                0x000000000401c200       0x34 drivers/i2c/built-in.o
 .text.zynq_i2c_set_bus_speed
                0x000000000401c234       0x18 drivers/i2c/built-in.o
 .text.zynq_i2c_wait
                0x000000000401c24c       0x38 drivers/i2c/built-in.o
 .text.zynq_i2c_write
                0x000000000401c284      0x100 drivers/i2c/built-in.o
 .text.zynq_i2c_read
                0x000000000401c384      0x134 drivers/i2c/built-in.o
 .text.zynq_i2c_probe
                0x000000000401c4b8       0x68 drivers/i2c/built-in.o
 .text.mmc_set_ios
                0x000000000401c520       0x10 drivers/mmc/built-in.o
 .text.mmc_set_capacity
                0x000000000401c530       0xa4 drivers/mmc/built-in.o
 .text.board_mmc_getwp
                0x000000000401c5d4        0x8 drivers/mmc/built-in.o
                0x000000000401c5d4                board_mmc_getwp
 .text.mmc_getwp
                0x000000000401c5dc       0x34 drivers/mmc/built-in.o
                0x000000000401c5dc                mmc_getwp
 .text.__board_mmc_getcd
                0x000000000401c610        0x8 drivers/mmc/built-in.o
                0x000000000401c610                __board_mmc_getcd
                0x000000000401c610                board_mmc_getcd
 .text.mmc_send_cmd
                0x000000000401c618       0x10 drivers/mmc/built-in.o
                0x000000000401c618                mmc_send_cmd
 .text.mmc_send_ext_csd
                0x000000000401c628       0x4c drivers/mmc/built-in.o
 .text.mmc_go_idle
                0x000000000401c674       0x4c drivers/mmc/built-in.o
 .text.mmc_send_op_cond_iter
                0x000000000401c6c0       0x7c drivers/mmc/built-in.o
 .text.mmc_send_status
                0x000000000401c73c       0xc4 drivers/mmc/built-in.o
                0x000000000401c73c                mmc_send_status
 .text.mmc_switch.isra.1
                0x000000000401c800       0x54 drivers/mmc/built-in.o
 .text.mmc_set_blocklen
                0x000000000401c854       0x30 drivers/mmc/built-in.o
                0x000000000401c854                mmc_set_blocklen
 .text.find_mmc_device
                0x000000000401c884       0x44 drivers/mmc/built-in.o
                0x000000000401c884                find_mmc_device
 .text.mmc_bread
                0x000000000401c8c8      0x144 drivers/mmc/built-in.o
 .text.mmc_send_op_cond
                0x000000000401ca0c       0x6c drivers/mmc/built-in.o
                0x000000000401ca0c                mmc_send_op_cond
 .text.mmc_complete_op_cond
                0x000000000401ca78       0x88 drivers/mmc/built-in.o
                0x000000000401ca78                mmc_complete_op_cond
 .text.mmc_switch_part
                0x000000000401cb00       0x4c drivers/mmc/built-in.o
                0x000000000401cb00                mmc_switch_part
 .text.mmc_getcd
                0x000000000401cb4c       0x34 drivers/mmc/built-in.o
                0x000000000401cb4c                mmc_getcd
 .text.mmc_set_clock
                0x000000000401cb80       0x20 drivers/mmc/built-in.o
                0x000000000401cb80                mmc_set_clock
 .text.mmc_startup
                0x000000000401cba0      0xb48 drivers/mmc/built-in.o
 .text.mmc_register
                0x000000000401d6e8       0x98 drivers/mmc/built-in.o
                0x000000000401d6e8                mmc_register
 .text.mmc_start_init
                0x000000000401d780      0x204 drivers/mmc/built-in.o
                0x000000000401d780                mmc_start_init
 .text.mmc_init
                0x000000000401d984       0x98 drivers/mmc/built-in.o
                0x000000000401d984                mmc_init
 .text.mmc_get_dev
                0x000000000401da1c       0x2c drivers/mmc/built-in.o
                0x000000000401da1c                mmc_get_dev
 .text.mmc_set_dsr
                0x000000000401da48        0xc drivers/mmc/built-in.o
                0x000000000401da48                mmc_set_dsr
 .text.__def_mmc_init
                0x000000000401da54        0x8 drivers/mmc/built-in.o
                0x000000000401da54                cpu_mmc_init
 .text.print_mmc_devices
                0x000000000401da5c       0x64 drivers/mmc/built-in.o
                0x000000000401da5c                print_mmc_devices
 .text.get_mmc_num
                0x000000000401dac0       0x10 drivers/mmc/built-in.o
                0x000000000401dac0                get_mmc_num
 .text.mmc_initialize
                0x000000000401dad0       0x78 drivers/mmc/built-in.o
                0x000000000401dad0                mmc_initialize
 .text.mmc_berase
                0x000000000401db48      0x198 drivers/mmc/built-in.o
                0x000000000401db48                mmc_berase
 .text.mmc_bwrite
                0x000000000401dce0      0x160 drivers/mmc/built-in.o
                0x000000000401dce0                mmc_bwrite
 .text.sdhci_set_ios
                0x000000000401de40      0x1d4 drivers/mmc/built-in.o
                0x000000000401de40                sdhci_set_ios
 .text.sdhci_init
                0x000000000401e014      0x198 drivers/mmc/built-in.o
                0x000000000401e014                sdhci_init
 .text.sdhci_reset
                0x000000000401e1ac       0x60 drivers/mmc/built-in.o
 .text.sdhci_send_command
                0x000000000401e20c      0x3dc drivers/mmc/built-in.o
                0x000000000401e20c                sdhci_send_command
 .text.add_sdhci
                0x000000000401e5e8      0x198 drivers/mmc/built-in.o
                0x000000000401e5e8                add_sdhci
 .text.zynq_sdhci_init
                0x000000000401e780       0x70 drivers/mmc/built-in.o
                0x000000000401e780                zynq_sdhci_init
 .text.spi_flash_read_write
                0x000000000401e7f0       0x84 drivers/mtd/spi/built-in.o
 .text.spi_flash_cmd_read
                0x000000000401e874       0x1c drivers/mtd/spi/built-in.o
                0x000000000401e874                spi_flash_cmd_read
 .text.spi_flash_cmd
                0x000000000401e890       0x2c drivers/mtd/spi/built-in.o
                0x000000000401e890                spi_flash_cmd
 .text.spi_flash_cmd_write
                0x000000000401e8bc       0x1c drivers/mtd/spi/built-in.o
                0x000000000401e8bc                spi_flash_cmd_write
 .text.spi_flash_dual_flash
                0x000000000401e8d8       0x64 drivers/mtd/spi/built-in.o
 .text.spi_flash_cmd_wait_ready
                0x000000000401e93c       0xec drivers/mtd/spi/built-in.o
                0x000000000401e93c                spi_flash_cmd_wait_ready
 .text.spi_flash_write_common
                0x000000000401ea28       0x98 drivers/mtd/spi/built-in.o
                0x000000000401ea28                spi_flash_write_common
 .text.spi_flash_bank
                0x000000000401eac0       0x64 drivers/mtd/spi/built-in.o
 .text.spi_flash_cmd_erase_ops
                0x000000000401eb24       0xd8 drivers/mtd/spi/built-in.o
                0x000000000401eb24                spi_flash_cmd_erase_ops
 .text.spi_flash_cmd_write_ops
                0x000000000401ebfc       0xe4 drivers/mtd/spi/built-in.o
                0x000000000401ebfc                spi_flash_cmd_write_ops
 .text.spi_flash_read_common
                0x000000000401ece0       0x58 drivers/mtd/spi/built-in.o
                0x000000000401ece0                spi_flash_read_common
 .text.spi_flash_cmd_read_config
                0x000000000401ed38       0x2c drivers/mtd/spi/built-in.o
                0x000000000401ed38                spi_flash_cmd_read_config
 .text.spi_flash_cmd_read_status
                0x000000000401ed64       0x2c drivers/mtd/spi/built-in.o
                0x000000000401ed64                spi_flash_cmd_read_status
 .text.spi_flash_cmd_write_config
                0x000000000401ed90       0x4c drivers/mtd/spi/built-in.o
                0x000000000401ed90                spi_flash_cmd_write_config
 .text.spi_flash_cmd_read_ops
                0x000000000401eddc      0x170 drivers/mtd/spi/built-in.o
                0x000000000401eddc                spi_flash_cmd_read_ops
 .text.spi_flash_set_qeb
                0x000000000401ef4c       0x6c drivers/mtd/spi/built-in.o
 .text.spi_flash_probe
                0x000000000401efb8      0x3f4 drivers/mtd/spi/built-in.o
                0x000000000401efb8                spi_flash_probe
 .text.spi_flash_free
                0x000000000401f3ac       0x1c drivers/mtd/spi/built-in.o
                0x000000000401f3ac                spi_flash_free
 .text.zynq_gem_setup_mac
                0x000000000401f3c8       0x70 drivers/net/built-in.o
 .text.zynq_gem_halt
                0x000000000401f438       0x14 drivers/net/built-in.o
 .text.phy_setup_op
                0x000000000401f44c       0xa8 drivers/net/built-in.o
 .text.zynq_gem_miiphy_write
                0x000000000401f4f4       0x2c drivers/net/built-in.o
 .text.zynq_gem_recv
                0x000000000401f520       0xd8 drivers/net/built-in.o
 .text.zynq_gem_send
                0x000000000401f5f8       0xac drivers/net/built-in.o
 .text.zynq_gem_init
                0x000000000401f6a4      0x28c drivers/net/built-in.o
 .text.zynq_gem_miiphyread
                0x000000000401f930       0x20 drivers/net/built-in.o
 .text.zynq_gem_initialize
                0x000000000401f950      0x128 drivers/net/built-in.o
                0x000000000401f950                zynq_gem_initialize
 .text.m88e1011s_config
                0x000000000401fa78       0xf4 drivers/net/phy/built-in.o
 .text.m88e1121_config
                0x000000000401fb6c       0xc8 drivers/net/phy/built-in.o
 .text.m88e1111s_config
                0x000000000401fc34      0x32c drivers/net/phy/built-in.o
 .text.m88e1118_config
                0x000000000401ff60       0xc0 drivers/net/phy/built-in.o
 .text.m88e1145_config
                0x0000000004020020      0x108 drivers/net/phy/built-in.o
 .text.m88e1149_config
                0x0000000004020128       0xc0 drivers/net/phy/built-in.o
 .text.m88e1310_config
                0x00000000040201e8      0x164 drivers/net/phy/built-in.o
 .text.m88e1xxx_parse_status
                0x000000000402034c      0x114 drivers/net/phy/built-in.o
 .text.m88e1118_startup
                0x0000000004020460       0x40 drivers/net/phy/built-in.o
 .text.m88e1145_startup
                0x00000000040204a0       0x3c drivers/net/phy/built-in.o
 .text.m88e1011s_startup
                0x00000000040204dc       0x1c drivers/net/phy/built-in.o
 .text.phy_marvell_init
                0x00000000040204f8       0x78 drivers/net/phy/built-in.o
                0x00000000040204f8                phy_marvell_init
 .text.genphy_shutdown
                0x0000000004020570        0x8 drivers/net/phy/built-in.o
                0x0000000004020570                genphy_shutdown
 .text.generic_ffs.part.0
                0x0000000004020578       0x48 drivers/net/phy/built-in.o
 .text.phy_device_create
                0x00000000040205c0       0xe4 drivers/net/phy/built-in.o
 .text.get_phy_device_by_mask
                0x00000000040206a4      0x17c drivers/net/phy/built-in.o
 .text.genphy_restart_aneg
                0x0000000004020820       0x54 drivers/net/phy/built-in.o
                0x0000000004020820                genphy_restart_aneg
 .text.genphy_config_aneg
                0x0000000004020874      0x1e4 drivers/net/phy/built-in.o
                0x0000000004020874                genphy_config_aneg
 .text.genphy_config
                0x0000000004020a58       0xb4 drivers/net/phy/built-in.o
                0x0000000004020a58                genphy_config
 .text.genphy_update_link
                0x0000000004020b0c      0x13c drivers/net/phy/built-in.o
                0x0000000004020b0c                genphy_update_link
 .text.genphy_parse_link
                0x0000000004020c48      0x198 drivers/net/phy/built-in.o
                0x0000000004020c48                genphy_parse_link
 .text.genphy_startup
                0x0000000004020de0       0x1c drivers/net/phy/built-in.o
                0x0000000004020de0                genphy_startup
 .text.phy_init
                0x0000000004020dfc       0x10 drivers/net/phy/built-in.o
                0x0000000004020dfc                phy_init
 .text.phy_register
                0x0000000004020e0c       0x28 drivers/net/phy/built-in.o
                0x0000000004020e0c                phy_register
 .text.phy_reset
                0x0000000004020e34       0xa8 drivers/net/phy/built-in.o
                0x0000000004020e34                phy_reset
 .text.phy_find_by_mask
                0x0000000004020edc       0x3c drivers/net/phy/built-in.o
                0x0000000004020edc                phy_find_by_mask
 .text.phy_connect_dev
                0x0000000004020f18       0x40 drivers/net/phy/built-in.o
                0x0000000004020f18                phy_connect_dev
 .text.phy_connect
                0x0000000004020f58       0x50 drivers/net/phy/built-in.o
                0x0000000004020f58                phy_connect
 .text.phy_startup
                0x0000000004020fa8       0x24 drivers/net/phy/built-in.o
                0x0000000004020fa8                phy_startup
 .text.__board_phy_config
                0x0000000004020fcc       0x24 drivers/net/phy/built-in.o
                0x0000000004020fcc                board_phy_config
 .text.phy_config
                0x0000000004020ff0       0x10 drivers/net/phy/built-in.o
                0x0000000004020ff0                phy_config
 .text.get_current
                0x0000000004021000       0x3c drivers/serial/built-in.o
 .text.serial_null
                0x000000000402103c        0x4 drivers/serial/built-in.o
                0x000000000402103c                jz_serial_initialize
                0x000000000402103c                bfin_serial_initialize
                0x000000000402103c                p3mx_serial_initialize
                0x000000000402103c                leon2_serial_initialize
                0x000000000402103c                leon3_serial_initialize
                0x000000000402103c                amirix_serial_initialize
                0x000000000402103c                marvell_serial_initialize
                0x000000000402103c                cpci750_serial_initialize
                0x000000000402103c                ns16550_serial_initialize
                0x000000000402103c                asc_serial_initialize
                0x000000000402103c                altera_serial_initialize
                0x000000000402103c                oc_serial_initialize
                0x000000000402103c                sh_serial_initialize
                0x000000000402103c                mxs_auart_initialize
                0x000000000402103c                arm_dcc_initialize
                0x000000000402103c                bmw_serial_initialize
                0x000000000402103c                mcf_serial_initialize
                0x000000000402103c                lh7a40x_serial_initialize
                0x000000000402103c                evb64260_serial_initialize
                0x000000000402103c                lpc32xx_serial_initialize
                0x000000000402103c                max3100_serial_initialize
                0x000000000402103c                mpc85xx_serial_initialize
                0x000000000402103c                imx_serial_initialize
                0x000000000402103c                ixp_serial_initialize
                0x000000000402103c                bfin_jtag_initialize
                0x000000000402103c                cogent_serial_initialize
                0x000000000402103c                clps7111_serial_initialize
                0x000000000402103c                ml2_serial_initialize
                0x000000000402103c                sandbox_serial_initialize
                0x000000000402103c                s3c24xx_serial_initialize
                0x000000000402103c                sconsole_serial_initialize
                0x000000000402103c                uartlite_serial_initialize
                0x000000000402103c                au1x00_serial_initialize
                0x000000000402103c                pxa_serial_initialize
                0x000000000402103c                atmel_serial_initialize
                0x000000000402103c                pl01x_serial_initialize
                0x000000000402103c                altera_jtag_serial_initialize
                0x000000000402103c                mpc512x_serial_initialize
                0x000000000402103c                s5p_serial_initialize
                0x000000000402103c                ks8695_serial_initialize
                0x000000000402103c                sa1100_serial_initialize
                0x000000000402103c                mpc8260_scc_serial_initialize
                0x000000000402103c                mxc_serial_initialize
                0x000000000402103c                iop480_serial_initialize
                0x000000000402103c                mpc8xx_serial_initialize
                0x000000000402103c                mpc8260_smc_serial_initialize
                0x000000000402103c                mpc5xx_serial_initialize
 .text.serial_register
                0x0000000004021040       0x18 drivers/serial/built-in.o
                0x0000000004021040                serial_register
 .text.serial_stdio_init
                0x0000000004021058       0x8c drivers/serial/built-in.o
                0x0000000004021058                serial_stdio_init
 .text.serial_assign
                0x00000000040210e4       0x50 drivers/serial/built-in.o