Archive member included because of file (symbol)

/usr/lib/gcc-cross/arm-linux-gnueabi/4.7/libgcc.a(_udivsi3.o)
                              arch/arm/cpu/armv7/zynq/built-in.o (__aeabi_uidiv)
/usr/lib/gcc-cross/arm-linux-gnueabi/4.7/libgcc.a(_divsi3.o)
                              fs/built-in.o (__aeabi_idiv)
/usr/lib/gcc-cross/arm-linux-gnueabi/4.7/libgcc.a(_lshrdi3.o)
                              lib/built-in.o (__aeabi_llsr)
/usr/lib/gcc-cross/arm-linux-gnueabi/4.7/libgcc.a(_ashldi3.o)
                              drivers/mmc/built-in.o (__aeabi_llsl)
/usr/lib/gcc-cross/arm-linux-gnueabi/4.7/libgcc.a(_dvmd_lnx.o)
                              /usr/lib/gcc-cross/arm-linux-gnueabi/4.7/libgcc.a(_udivsi3.o) (__aeabi_idiv0)

Discarded input sections

 .data          0x0000000000000000        0x0 arch/arm/cpu/armv7/start.o
 .bss           0x0000000000000000        0x0 arch/arm/cpu/armv7/start.o
 .text          0x0000000000000000        0x0 arch/arm/cpu/armv7/built-in.o
 .text.flush_dcache_all
                0x0000000000000000        0x4 arch/arm/cpu/armv7/built-in.o
 .text.invalidate_dcache_range
                0x0000000000000000        0x4 arch/arm/cpu/armv7/built-in.o
 .text.arm_init_before_mmu
                0x0000000000000000        0x4 arch/arm/cpu/armv7/built-in.o
 .text.flush_cache
                0x0000000000000000        0x4 arch/arm/cpu/armv7/built-in.o
 .text.mmu_page_table_flush
                0x0000000000000000        0x4 arch/arm/cpu/armv7/built-in.o
 .text.arm_init_domains
                0x0000000000000000        0x4 arch/arm/cpu/armv7/built-in.o
 .text.__v7_outer_cache_enable
                0x0000000000000000        0x4 arch/arm/cpu/armv7/built-in.o
 .text.__v7_outer_cache_flush_all
                0x0000000000000000        0x4 arch/arm/cpu/armv7/built-in.o
 .text.__v7_outer_cache_inval_all
                0x0000000000000000        0x4 arch/arm/cpu/armv7/built-in.o
 .text.__v7_outer_cache_flush_range
                0x0000000000000000        0x4 arch/arm/cpu/armv7/built-in.o
 .text.__v7_outer_cache_inval_range
                0x0000000000000000        0x4 arch/arm/cpu/armv7/built-in.o
 .text.sdelay   0x0000000000000000        0xc arch/arm/cpu/armv7/built-in.o
 .text.sr32     0x0000000000000000       0x24 arch/arm/cpu/armv7/built-in.o
 .text.wait_on_value
                0x0000000000000000       0x34 arch/arm/cpu/armv7/built-in.o
 .data          0x0000000000000000        0x0 arch/arm/cpu/armv7/built-in.o
 .bss           0x0000000000000000        0x0 arch/arm/cpu/armv7/built-in.o
 .text.ddr2x_get_rate
                0x0000000000000000       0x3c arch/arm/cpu/armv7/zynq/built-in.o
 .text.ddr3x_get_rate
                0x0000000000000000       0x3c arch/arm/cpu/armv7/zynq/built-in.o
 .text.zynq_clk_periph_get_rate
                0x0000000000000000       0x68 arch/arm/cpu/armv7/zynq/built-in.o
 .text.zynq_clk_register_periph_clk
                0x0000000000000000       0x5c arch/arm/cpu/armv7/zynq/built-in.o
 .text.zynq_clk_pll_get_rate
                0x0000000000000000        0x8 arch/arm/cpu/armv7/zynq/built-in.o
 .text.zynq_clk_periph_set_rate
                0x0000000000000000      0x124 arch/arm/cpu/armv7/zynq/built-in.o
 .text.set_cpu_clk_info
                0x0000000000000000      0x5dc arch/arm/cpu/armv7/zynq/built-in.o
 .text.zynq_clk_set_rate
                0x0000000000000000       0x40 arch/arm/cpu/armv7/zynq/built-in.o
 .text.zynq_clk_get_name
                0x0000000000000000       0x18 arch/arm/cpu/armv7/zynq/built-in.o
 .text.soc_clk_dump
                0x0000000000000000       0x50 arch/arm/cpu/armv7/zynq/built-in.o
 .text.zynq_get_silicon_version
                0x0000000000000000       0x14 arch/arm/cpu/armv7/zynq/built-in.o
 .text.reset_cpu
                0x0000000000000000        0xc arch/arm/cpu/armv7/zynq/built-in.o
 .text.zynq_ddrc_init
                0x0000000000000000       0x64 arch/arm/cpu/armv7/zynq/built-in.o
 .text.zynq_slcr_cpu_reset
                0x0000000000000000       0x24 arch/arm/cpu/armv7/zynq/built-in.o
 .text.zynq_slcr_gem_clk_setup
                0x0000000000000000       0x68 arch/arm/cpu/armv7/zynq/built-in.o
 .text.get_ticks
                0x0000000000000000       0x10 arch/arm/cpu/armv7/zynq/built-in.o
 .text.get_tbclk
                0x0000000000000000        0x8 arch/arm/cpu/armv7/zynq/built-in.o
 .data          0x0000000000000000        0x0 arch/arm/cpu/armv7/zynq/built-in.o
 .bss           0x0000000000000000        0x0 arch/arm/cpu/armv7/zynq/built-in.o
 .text.__arm_init_before_mmu
                0x0000000000000000        0x4 arch/arm/lib/built-in.o
 .text.arm_init_domains
                0x0000000000000000        0x4 arch/arm/lib/built-in.o
 .text.set_section_dcache
                0x0000000000000000       0x14 arch/arm/lib/built-in.o
 .text.__mmu_page_table_flush
                0x0000000000000000        0x4 arch/arm/lib/built-in.o
 .text.mmu_set_region_dcache_behaviour
                0x0000000000000000       0x50 arch/arm/lib/built-in.o
 .text.dram_bank_mmu_setup
                0x0000000000000000       0x48 arch/arm/lib/built-in.o
 .text.icache_enable
                0x0000000000000000       0x18 arch/arm/lib/built-in.o
 .text.icache_status
                0x0000000000000000        0xc arch/arm/lib/built-in.o
 .text.dcache_enable
                0x0000000000000000        0x4 arch/arm/lib/built-in.o
 .text.dcache_status
                0x0000000000000000        0x8 arch/arm/lib/built-in.o
 .text.__flush_cache
                0x0000000000000000        0x4 arch/arm/lib/built-in.o
 .text.__flush_dcache_all
                0x0000000000000000        0xc arch/arm/lib/built-in.o
 .text.__enable_caches
                0x0000000000000000        0xc arch/arm/lib/built-in.o
 .text.interrupt_init
                0x0000000000000000       0x1c arch/arm/lib/built-in.o
 .text.enable_interrupts
                0x0000000000000000        0x4 arch/arm/lib/built-in.o
 .text.disable_interrupts
                0x0000000000000000        0x8 arch/arm/lib/built-in.o
 .text.bad_mode
                0x0000000000000000       0x10 arch/arm/lib/built-in.o
 .text.show_regs
                0x0000000000000000      0x13c arch/arm/lib/built-in.o
 .text.do_undefined_instruction
                0x0000000000000000       0x20 arch/arm/lib/built-in.o
 .text.do_software_interrupt
                0x0000000000000000       0x20 arch/arm/lib/built-in.o
 .text.do_prefetch_abort
                0x0000000000000000       0x20 arch/arm/lib/built-in.o
 .text.do_data_abort
                0x0000000000000000       0x20 arch/arm/lib/built-in.o
 .text.do_not_used
                0x0000000000000000       0x20 arch/arm/lib/built-in.o
 .text.do_fiq   0x0000000000000000       0x20 arch/arm/lib/built-in.o
 .text.do_irq   0x0000000000000000       0x20 arch/arm/lib/built-in.o
 .text.do_reset
                0x0000000000000000       0x2c arch/arm/lib/built-in.o
 .text.board_init_f
                0x0000000000000000       0x34 arch/arm/lib/built-in.o
 .rodata        0x0000000000000000       0x80 arch/arm/lib/built-in.o
 .rodata.str1.1
                0x0000000000000000      0x2e5 arch/arm/lib/built-in.o
 .bss           0x0000000000000000        0x0 arch/arm/lib/built-in.o
 .text          0x0000000000000000        0x0 board/xilinx/zynq/built-in.o
 .text.board_late_init
                0x0000000000000000       0x9c board/xilinx/zynq/built-in.o
 .text.board_eth_init
                0x0000000000000000       0x14 board/xilinx/zynq/built-in.o
 .text.dram_init
                0x0000000000000000       0x18 board/xilinx/zynq/built-in.o
 .data          0x0000000000000000        0x0 board/xilinx/zynq/built-in.o
 .bss           0x0000000000000000        0x0 board/xilinx/zynq/built-in.o
 .text          0x0000000000000000        0x0 common/built-in.o
 .text._do_env_set.isra.0
                0x0000000000000000      0x1d8 common/built-in.o
 .text.get_env_id
                0x0000000000000000       0x10 common/built-in.o
 .text.setenv   0x0000000000000000       0x60 common/built-in.o
 .text.setenv_ulong
                0x0000000000000000       0x20 common/built-in.o
 .text.setenv_hex
                0x0000000000000000       0x34 common/built-in.o
 .text.envmatch
                0x0000000000000000       0x6c common/built-in.o
 .text.getenv_f
                0x0000000000000000       0xd0 common/built-in.o
 .text.getenv   0x0000000000000000       0x78 common/built-in.o
 .text.getenv_ulong
                0x0000000000000000       0x30 common/built-in.o
 .text.getenv_hex
                0x0000000000000000       0x34 common/built-in.o
 .text.console_setfile
                0x0000000000000000       0xa0 common/built-in.o
 .text.serial_printf
                0x0000000000000000       0x4c common/built-in.o
 .text.fputc    0x0000000000000000       0x28 common/built-in.o
 .text.fputs    0x0000000000000000       0x28 common/built-in.o
 .text.fprintf  0x0000000000000000       0x54 common/built-in.o
 .text.putc     0x0000000000000000       0x28 common/built-in.o
 .text.vprintf  0x0000000000000000       0x40 common/built-in.o
 .text.disable_ctrlc
                0x0000000000000000       0x18 common/built-in.o
 .text.had_ctrlc
                0x0000000000000000       0x10 common/built-in.o
 .text.clear_ctrlc
                0x0000000000000000       0x14 common/built-in.o
 .text.dbg      0x0000000000000000        0xc common/built-in.o
 .text.search_device
                0x0000000000000000       0x30 common/built-in.o
 .text.console_assign
                0x0000000000000000       0x48 common/built-in.o
 .text.console_init_f
                0x0000000000000000       0x10 common/built-in.o
 .text.stdio_print_current_devices
                0x0000000000000000       0xb8 common/built-in.o
 .text.console_init_r
                0x0000000000000000       0xd4 common/built-in.o
 .text.cfree    0x0000000000000000        0x4 common/built-in.o
 .text.calloc   0x0000000000000000       0xd8 common/built-in.o
 .text.pvalloc  0x0000000000000000       0x18 common/built-in.o
 .text.valloc   0x0000000000000000        0xc common/built-in.o
 .text.realloc  0x0000000000000000      0x4bc common/built-in.o
 .text.malloc_usable_size
                0x0000000000000000       0x3c common/built-in.o
 .text.mallopt  0x0000000000000000       0x68 common/built-in.o
 .text.__env_get_char_spec
                0x0000000000000000        0xc common/built-in.o
 .text.env_get_addr
                0x0000000000000000       0x20 common/built-in.o
 .text.env_get_char_memory
                0x0000000000000000       0x10 common/built-in.o
 .text.env_get_char
                0x0000000000000000       0x30 common/built-in.o
 .text.getenv_yesno
                0x0000000000000000       0x50 common/built-in.o
 .text.getenv_default
                0x0000000000000000       0x30 common/built-in.o
 .text.set_default_env
                0x0000000000000000       0xb8 common/built-in.o
 .text.set_default_vars
                0x0000000000000000       0x34 common/built-in.o
 .text.env_import
                0x0000000000000000       0xdc common/built-in.o
 .text.env_relocate
                0x0000000000000000       0x14 common/built-in.o
 .text.saveenv  0x0000000000000000      0x170 common/built-in.o
 .text.env_relocate_spec
                0x0000000000000000       0xa8 common/built-in.o
 .text.env_init
                0x0000000000000000       0x1c common/built-in.o
 .text.fdt_error
                0x0000000000000000       0x2c common/built-in.o
 .text.boot_fdt_add_mem_rsv_regions
                0x0000000000000000       0x88 common/built-in.o
 .text.boot_relocate_fdt
                0x0000000000000000      0x194 common/built-in.o
 .text.boot_get_fdt
                0x0000000000000000      0x3a0 common/built-in.o
 .text.ft_verify_fdt
                0x0000000000000000        0x8 common/built-in.o
 .text.arch_fixup_memory_node
                0x0000000000000000        0x8 common/built-in.o
 .text.image_setup_libfdt
                0x0000000000000000       0xd4 common/built-in.o
 .text.fit_parse_conf
                0x0000000000000000       0x64 common/built-in.o
 .text.fit_parse_subimage
                0x0000000000000000       0x64 common/built-in.o
 .text.fit_get_desc
                0x0000000000000000       0x2c common/built-in.o
 .text.fit_get_timestamp
                0x0000000000000000       0x50 common/built-in.o
 .text.fit_image_get_node
                0x0000000000000000       0x30 common/built-in.o
 .text.fit_image_get_os
                0x0000000000000000       0x38 common/built-in.o
 .text.fit_image_get_arch
                0x0000000000000000       0x38 common/built-in.o
 .text.fit_image_get_type
                0x0000000000000000       0x38 common/built-in.o
 .text.fit_image_get_comp
                0x0000000000000000       0x38 common/built-in.o
 .text.fit_image_get_load
                0x0000000000000000       0x34 common/built-in.o
 .text.fit_image_get_entry
                0x0000000000000000       0x34 common/built-in.o
 .text.fit_image_get_data
                0x0000000000000000       0x3c common/built-in.o
 .text.fit_image_hash_get_algo
                0x0000000000000000       0x2c common/built-in.o
 .text.fit_image_hash_get_value
                0x0000000000000000       0x3c common/built-in.o
 .text.fit_set_timestamp
                0x0000000000000000       0x7c common/built-in.o
 .text.calculate_hash
                0x0000000000000000        0x8 common/built-in.o
 .text.fit_image_verify
                0x0000000000000000      0x1ac common/built-in.o
 .text.fit_all_image_verify
                0x0000000000000000       0xe0 common/built-in.o
 .text.fit_image_check_os
                0x0000000000000000       0x34 common/built-in.o
 .text.fit_image_check_arch
                0x0000000000000000       0x34 common/built-in.o
 .text.fit_image_check_type
                0x0000000000000000       0x34 common/built-in.o
 .text.fit_image_check_comp
                0x0000000000000000       0x34 common/built-in.o
 .text.fit_check_format
                0x0000000000000000       0x40 common/built-in.o
 .text.fit_conf_find_compat
                0x0000000000000000      0x1ac common/built-in.o
 .text.fit_conf_get_node
                0x0000000000000000       0x68 common/built-in.o
 .text.fit_conf_get_prop_node
                0x0000000000000000       0x28 common/built-in.o
 .text.fit_conf_print
                0x0000000000000000      0x104 common/built-in.o
 .text.fit_image_select
                0x0000000000000000       0x6c common/built-in.o
 .text.fit_get_node_from_config
                0x0000000000000000       0x44 common/built-in.o
 .text.fit_image_load
                0x0000000000000000      0x3ac common/built-in.o
 .text.image_check_hcrc
                0x0000000000000000       0x4c common/built-in.o
 .text.image_check_dcrc
                0x0000000000000000       0x38 common/built-in.o
 .text.image_multi_count
                0x0000000000000000       0x20 common/built-in.o
 .text.image_multi_getimg
                0x0000000000000000       0x80 common/built-in.o
 .text.getenv_bootm_low
                0x0000000000000000       0x28 common/built-in.o
 .text.getenv_bootm_size
                0x0000000000000000       0x60 common/built-in.o
 .text.getenv_bootm_mapsize
                0x0000000000000000       0x30 common/built-in.o
 .text.memmove_wd
                0x0000000000000000        0xc common/built-in.o
 .text.genimg_print_size
                0x0000000000000000       0x30 common/built-in.o
 .text.get_table_entry_name
                0x0000000000000000       0x2c common/built-in.o
 .text.genimg_get_os_name
                0x0000000000000000       0x18 common/built-in.o
 .text.genimg_get_arch_name
                0x0000000000000000       0x18 common/built-in.o
 .text.genimg_get_type_name
                0x0000000000000000       0x18 common/built-in.o
 .text.genimg_get_comp_name
                0x0000000000000000       0x18 common/built-in.o
 .text.image_print_contents
                0x0000000000000000      0x170 common/built-in.o
 .text.get_table_entry_id
                0x0000000000000000       0x50 common/built-in.o
 .text.genimg_get_os_id
                0x0000000000000000       0x18 common/built-in.o
 .text.genimg_get_arch_id
                0x0000000000000000       0x18 common/built-in.o
 .text.genimg_get_type_id
                0x0000000000000000       0x18 common/built-in.o
 .text.genimg_get_comp_id
                0x0000000000000000       0x18 common/built-in.o
 .text.genimg_get_format
                0x0000000000000000       0x38 common/built-in.o
 .text.genimg_get_image
                0x0000000000000000        0x4 common/built-in.o
 .text.genimg_has_config
                0x0000000000000000       0x10 common/built-in.o
 .text.boot_get_ramdisk
                0x0000000000000000      0x300 common/built-in.o
 .text.boot_ramdisk_high
                0x0000000000000000      0x134 common/built-in.o
 .text.image_setup_linux
                0x0000000000000000       0x88 common/built-in.o
 .text.get_ram_size
                0x0000000000000000      0x104 common/built-in.o
 .text.stdio_get_list
                0x0000000000000000        0xc common/built-in.o
 .text.stdio_get_by_name
                0x0000000000000000       0x50 common/built-in.o
 .text.stdio_clone
                0x0000000000000000       0x3c common/built-in.o
 .text.stdio_register
                0x0000000000000000       0x44 common/built-in.o
 .text.stdio_init
                0x0000000000000000       0x90 common/built-in.o
 .rodata.str1.1
                0x0000000000000000     0x10c9 common/built-in.o
 .rodata.default_environment
                0x0000000000000000      0xc8c common/built-in.o
 .rodata.__func__.6953
                0x0000000000000000       0x10 common/built-in.o
 .rodata.__func__.6964
                0x0000000000000000        0xb common/built-in.o
 .rodata.__func__.7077
                0x0000000000000000        0x8 common/built-in.o
 .rodata.uimage_comp
                0x0000000000000000       0x48 common/built-in.o
 .rodata.uimage_os
                0x0000000000000000       0x78 common/built-in.o
 .rodata.uimage_arch
                0x0000000000000000      0x114 common/built-in.o
 .rodata.uimage_type
                0x0000000000000000       0xd8 common/built-in.o
 .data          0x0000000000000000        0x0 common/built-in.o
 .data.env_id   0x0000000000000000        0x4 common/built-in.o
 .data.mmap_threshold
                0x0000000000000000        0x4 common/built-in.o
 .data.env_htab
                0x0000000000000000       0x10 common/built-in.o
 .data.env_name_spec
                0x0000000000000000        0x4 common/built-in.o
 .data.stdio_names
                0x0000000000000000        0xc common/built-in.o
 .bss           0x0000000000000000        0x0 common/built-in.o
 .bss.n_mmaps_max
                0x0000000000000000        0x4 common/built-in.o
 .bss.env_flash
                0x0000000000000000        0x4 common/built-in.o
 .bss.save_addr
                0x0000000000000000        0x4 common/built-in.o
 .bss.load_addr
                0x0000000000000000        0x4 common/built-in.o
 .bss.save_size
                0x0000000000000000        0x4 common/built-in.o
 .bss.devs      0x0000000000000000       0x3c common/built-in.o
 .text          0x0000000000000000        0x0 common/spl/built-in.o
 .text.spl_start_uboot
                0x0000000000000000       0x24 common/spl/built-in.o
 .bss           0x0000000000000000        0x0 common/spl/built-in.o
 .bss.boot_params_ptr
                0x0000000000000000        0x4 common/spl/built-in.o
 .text          0x0000000000000000        0x0 disk/built-in.o
 .text.get_dev  0x0000000000000000       0x64 disk/built-in.o
 .text.dev_print
                0x0000000000000000      0x21c disk/built-in.o
 .text.print_part
                0x0000000000000000       0xf8 disk/built-in.o
 .text.get_device
                0x0000000000000000       0x80 disk/built-in.o
 .text.get_device_and_partition
                0x0000000000000000      0x45c disk/built-in.o
 .text.print_partition_extended
                0x0000000000000000      0x268 disk/built-in.o
 .text.print_part_dos
                0x0000000000000000       0x30 disk/built-in.o
 .rodata.block_drvr
                0x0000000000000000       0x18 disk/built-in.o
 .data          0x0000000000000000        0x0 disk/built-in.o
 .bss           0x0000000000000000        0x0 disk/built-in.o
 .text          0x0000000000000000        0x0 drivers/fpga/built-in.o
 .text.fpga_dev_info
                0x0000000000000000       0xa0 drivers/fpga/built-in.o
 .text.fpga_count
                0x0000000000000000       0x10 drivers/fpga/built-in.o
 .text.fpga_loadbitstream
                0x0000000000000000      0x284 drivers/fpga/built-in.o
 .text.fpga_fsload
                0x0000000000000000       0x60 drivers/fpga/built-in.o
 .text.fpga_dump
                0x0000000000000000       0x8c drivers/fpga/built-in.o
 .text.fpga_info
                0x0000000000000000       0x78 drivers/fpga/built-in.o
 .text.xilinx_fsload
                0x0000000000000000       0x78 drivers/fpga/built-in.o
 .text.xilinx_dump
                0x0000000000000000       0xac drivers/fpga/built-in.o
 .text.xilinx_info
                0x0000000000000000      0x20c drivers/fpga/built-in.o
 .text.zynq_info
                0x0000000000000000        0x8 drivers/fpga/built-in.o
 .text.zynq_dump
                0x0000000000000000        0x8 drivers/fpga/built-in.o
 .rodata.__func__.7099
                0x0000000000000000        0xa drivers/fpga/built-in.o
 .rodata.__func__.7112
                0x0000000000000000        0xa drivers/fpga/built-in.o
 .rodata.__func__.7074
                0x0000000000000000        0xc drivers/fpga/built-in.o
 .rodata.__func__.7041
                0x0000000000000000        0xe drivers/fpga/built-in.o
 .rodata.__func__.6995
                0x0000000000000000       0x13 drivers/fpga/built-in.o
 .rodata.__FUNCTION__.7039
                0x0000000000000000        0xc drivers/fpga/built-in.o
 .rodata.__func__.7015
                0x0000000000000000        0xe drivers/fpga/built-in.o
 .rodata.__FUNCTION__.7050
                0x0000000000000000        0xc drivers/fpga/built-in.o
 .data          0x0000000000000000        0x0 drivers/fpga/built-in.o
 .bss           0x0000000000000000        0x0 drivers/fpga/built-in.o
 .text          0x0000000000000000        0x0 drivers/mmc/built-in.o
 .text.board_mmc_getwp
                0x0000000000000000        0x8 drivers/mmc/built-in.o
 .text.mmc_getwp
                0x0000000000000000       0x34 drivers/mmc/built-in.o
 .text.mmc_switch_part
                0x0000000000000000       0x4c drivers/mmc/built-in.o
 .text.mmc_get_dev
                0x0000000000000000       0x2c drivers/mmc/built-in.o
 .text.mmc_set_dsr
                0x0000000000000000        0xc drivers/mmc/built-in.o
 .text.print_mmc_devices
                0x0000000000000000       0x64 drivers/mmc/built-in.o
 .text.get_mmc_num
                0x0000000000000000       0x10 drivers/mmc/built-in.o
 .text.mmc_set_preinit
                0x0000000000000000        0x8 drivers/mmc/built-in.o
 .data          0x0000000000000000        0x0 drivers/mmc/built-in.o
 .bss           0x0000000000000000        0x0 drivers/mmc/built-in.o
 .text          0x0000000000000000        0x0 drivers/mtd/spi/built-in.o
 .text.spi_flash_cmd_write_status
                0x0000000000000000       0x2c drivers/mtd/spi/built-in.o
 .text.spi_flash_free
                0x0000000000000000       0x1c drivers/mtd/spi/built-in.o
 .data          0x0000000000000000        0x0 drivers/mtd/spi/built-in.o
 .bss           0x0000000000000000        0x0 drivers/mtd/spi/built-in.o
 .text          0x0000000000000000        0x0 drivers/serial/built-in.o
 .text.serial_null
                0x0000000000000000        0x4 drivers/serial/built-in.o
 .text.serial_register
                0x0000000000000000       0x18 drivers/serial/built-in.o
 .text.serial_stdio_init
                0x0000000000000000       0x8c drivers/serial/built-in.o
 .text.serial_assign
                0x0000000000000000       0x50 drivers/serial/built-in.o
 .text.serial_initialize
                0x0000000000000000       0xd0 drivers/serial/built-in.o
 .text.serial_reinit_all
                0x0000000000000000       0x2c drivers/serial/built-in.o
 .text.serial_setbrg
                0x0000000000000000       0x14 drivers/serial/built-in.o
 .text.serial_putc
                0x0000000000000000       0x1c drivers/serial/built-in.o
 .text.default_serial_puts
                0x0000000000000000       0x30 drivers/serial/built-in.o
 .text.uart_zynq0_putc
                0x0000000000000000        0x8 drivers/serial/built-in.o
 .text.uart_zynq0_init
                0x0000000000000000       0x28 drivers/serial/built-in.o
 .text.uart_zynq0_setbrg
                0x0000000000000000        0x8 drivers/serial/built-in.o
 .text.uart_zynq0_tstc
                0x0000000000000000       0x14 drivers/serial/built-in.o
 .text.uart_zynq0_getc
                0x0000000000000000       0x1c drivers/serial/built-in.o
 .text.uart_zynq0_puts
                0x0000000000000000       0x24 drivers/serial/built-in.o
 .text.zynq_serial_initalize
                0x0000000000000000       0x20 drivers/serial/built-in.o
 .data          0x0000000000000000        0x0 drivers/serial/built-in.o
 .data.uart_zynq_serial0_device
                0x0000000000000000       0x30 drivers/serial/built-in.o
 .bss           0x0000000000000000        0x0 drivers/serial/built-in.o
 .bss.serial_devices
                0x0000000000000000        0x4 drivers/serial/built-in.o
 .text          0x0000000000000000        0x0 drivers/spi/built-in.o
 .text.spi_set_wordlen
                0x0000000000000000       0x30 drivers/spi/built-in.o
 .text.spi_cs_is_valid
                0x0000000000000000       0x14 drivers/spi/built-in.o
 .text.spi_cs_activate
                0x0000000000000000        0x4 drivers/spi/built-in.o
 .text.spi_cs_deactivate
                0x0000000000000000        0x4 drivers/spi/built-in.o
 .text.spi_init
                0x0000000000000000        0x4 drivers/spi/built-in.o
 .data          0x0000000000000000        0x0 drivers/spi/built-in.o
 .bss           0x0000000000000000        0x0 drivers/spi/built-in.o
 .text          0x0000000000000000        0x0 fs/built-in.o
 .text.check_overflow
                0x0000000000000000       0x74 fs/built-in.o
 .text.disk_write
                0x0000000000000000       0x80 fs/built-in.o
 .text.flush_fat_buffer
                0x0000000000000000       0x80 fs/built-in.o
 .text.get_fatent_value
                0x0000000000000000      0x184 fs/built-in.o
 .text.set_fatent_value
                0x0000000000000000      0x100 fs/built-in.o
 .text.set_cluster
                0x0000000000000000       0xd8 fs/built-in.o
 .text.set_contents
                0x0000000000000000      0x1c4 fs/built-in.o
 .text.set_name
                0x0000000000000000      0x138 fs/built-in.o
 .text.flush_dir_table.constprop.6
                0x0000000000000000       0xe8 fs/built-in.o
 .text.do_fat_write
                0x0000000000000000      0xa30 fs/built-in.o
 .text.do_fat_read
                0x0000000000000000       0x24 fs/built-in.o
 .text.file_fat_detectfs
                0x0000000000000000      0x14c fs/built-in.o
 .text.file_fat_ls
                0x0000000000000000       0x10 fs/built-in.o
 .text.fat_read_file
                0x0000000000000000       0x3c fs/built-in.o
 .text.fat_close
                0x0000000000000000        0x4 fs/built-in.o
 .text.file_fat_write
                0x0000000000000000       0x34 fs/built-in.o
 .data          0x0000000000000000        0x0 fs/built-in.o
 .bss           0x0000000000000000        0x0 fs/built-in.o
 .bss.empty_dentptr
                0x0000000000000000        0x4 fs/built-in.o
 .bss.total_sector
                0x0000000000000000        0x4 fs/built-in.o
 .bss.dir_curclust
                0x0000000000000000        0x4 fs/built-in.o
 .bss.num_of_fats
                0x0000000000000000        0x1 fs/built-in.o
 .text          0x0000000000000000        0x0 lib/built-in.o
 .text.crc32_no_comp
                0x0000000000000000       0xe0 lib/built-in.o
 .text.crc32    0x0000000000000000       0x14 lib/built-in.o
 .text.crc32_wd
                0x0000000000000000        0x4 lib/built-in.o
 .text.crc32_wd_buf
                0x0000000000000000       0x3c lib/built-in.o
 .text.display_options
                0x0000000000000000       0x20 lib/built-in.o
 .text.print_size
                0x0000000000000000      0x138 lib/built-in.o
 .text.print_buffer
                0x0000000000000000      0x1c8 lib/built-in.o
 .text._hdelete.isra.1
                0x0000000000000000       0x50 lib/built-in.o
 .text.drop_var_from_set.part.2
                0x0000000000000000       0x50 lib/built-in.o
 .text.hcreate_r
                0x0000000000000000       0xb4 lib/built-in.o
 .text.hdestroy_r
                0x0000000000000000       0x78 lib/built-in.o
 .text.hmatch_r
                0x0000000000000000       0xa0 lib/built-in.o
 .text.hsearch_r
                0x0000000000000000      0x4a0 lib/built-in.o
 .text.hdelete_r
                0x0000000000000000       0xd4 lib/built-in.o
 .text.himport_r
                0x0000000000000000      0x354 lib/built-in.o
 .text.hwalk_r  0x0000000000000000       0x60 lib/built-in.o
 .text.skip_spaces
                0x0000000000000000       0x28 lib/built-in.o
 .text.strim    0x0000000000000000       0x60 lib/built-in.o
 .text.strncasecmp
                0x0000000000000000       0x84 lib/built-in.o
 .text.strcasecmp
                0x0000000000000000        0x8 lib/built-in.o
 .text.strncpy  0x0000000000000000       0x24 lib/built-in.o
 .text.strcat   0x0000000000000000       0x30 lib/built-in.o
 .text.strncat  0x0000000000000000       0x54 lib/built-in.o
 .text.strchr   0x0000000000000000       0x34 lib/built-in.o
 .text.strlen   0x0000000000000000       0x20 lib/built-in.o
 .text.strrchr  0x0000000000000000       0x3c lib/built-in.o
 .text.strdup   0x0000000000000000       0x38 lib/built-in.o
 .text.strspn   0x0000000000000000       0x48 lib/built-in.o
 .text.strpbrk  0x0000000000000000       0x3c lib/built-in.o
 .text.strtok   0x0000000000000000       0x84 lib/built-in.o
 .text.strsep   0x0000000000000000       0x34 lib/built-in.o
 .text.strswab  0x0000000000000000       0x4c lib/built-in.o
 .text.bcopy    0x0000000000000000       0x24 lib/built-in.o
 .text.memmove  0x0000000000000000       0x60 lib/built-in.o
 .text.memscan  0x0000000000000000       0x24 lib/built-in.o
 .text.strstr   0x0000000000000000       0x64 lib/built-in.o
 .text.memchr   0x0000000000000000       0x30 lib/built-in.o
 .text.memchr_inv
                0x0000000000000000      0x128 lib/built-in.o
 .text.tick_to_time
                0x0000000000000000       0x60 lib/built-in.o
 .text.get_ticks
                0x0000000000000000       0x3c lib/built-in.o
 .text.get_timer
                0x0000000000000000       0x18 lib/built-in.o
 .text.timer_get_us
                0x0000000000000000       0x24 lib/built-in.o
 .text.__udelay
                0x0000000000000000       0x74 lib/built-in.o
 .text.mdelay   0x0000000000000000       0x24 lib/built-in.o
 .text.simple_strtoul
                0x0000000000000000       0xc0 lib/built-in.o
 .text.strict_strtoul
                0x0000000000000000       0x78 lib/built-in.o
 .text.simple_strtol
                0x0000000000000000       0x28 lib/built-in.o
 .text.ustrtoul
                0x0000000000000000       0x70 lib/built-in.o
 .text.simple_strtoull
                0x0000000000000000       0xec lib/built-in.o
 .text.ustrtoull
                0x0000000000000000       0x88 lib/built-in.o
 .text.panic    0x0000000000000000       0x44 lib/built-in.o
 .text.__assert_fail
                0x0000000000000000       0x14 lib/built-in.o
 .text.simple_itoa
                0x0000000000000000       0x58 lib/built-in.o
 .text.print_grouped_ull
                0x0000000000000000       0x88 lib/built-in.o
 .rodata.crc_table
                0x0000000000000000      0x400 lib/built-in.o
 .rodata.names.6837
                0x0000000000000000        0x6 lib/built-in.o
 .data          0x0000000000000000        0x0 lib/built-in.o
 .bss           0x0000000000000000        0x0 lib/built-in.o
 .bss.errno     0x0000000000000000        0x4 lib/built-in.o
 .bss.___strtok
                0x0000000000000000        0x4 lib/built-in.o
 .bss.local.7015
                0x0000000000000000       0x16 lib/built-in.o
 .text          0x0000000000000000        0x0 /home/jackywu/Downloads/gitdir/xilinx-tag/u-boot-xlnx/u-boot-xlnx-xilinx-v2014.1-zed/spl/arch/arm/lib/eabi_compat.o
 .data          0x0000000000000000        0x0 /home/jackywu/Downloads/gitdir/xilinx-tag/u-boot-xlnx/u-boot-xlnx-xilinx-v2014.1-zed/spl/arch/arm/lib/eabi_compat.o
 .bss           0x0000000000000000        0x0 /home/jackywu/Downloads/gitdir/xilinx-tag/u-boot-xlnx/u-boot-xlnx-xilinx-v2014.1-zed/spl/arch/arm/lib/eabi_compat.o
 .text.__aeabi_unwind_cpp_pr0
                0x0000000000000000        0x4 /home/jackywu/Downloads/gitdir/xilinx-tag/u-boot-xlnx/u-boot-xlnx-xilinx-v2014.1-zed/spl/arch/arm/lib/eabi_compat.o
 .text.__aeabi_unwind_cpp_pr1
                0x0000000000000000        0x4 /home/jackywu/Downloads/gitdir/xilinx-tag/u-boot-xlnx/u-boot-xlnx-xilinx-v2014.1-zed/spl/arch/arm/lib/eabi_compat.o
 .data          0x0000000000000000        0x0 /usr/lib/gcc-cross/arm-linux-gnueabi/4.7/libgcc.a(_udivsi3.o)
 .bss           0x0000000000000000        0x0 /usr/lib/gcc-cross/arm-linux-gnueabi/4.7/libgcc.a(_udivsi3.o)
 .text          0x0000000000000000      0x240 /usr/lib/gcc-cross/arm-linux-gnueabi/4.7/libgcc.a(_divsi3.o)
 .data          0x0000000000000000        0x0 /usr/lib/gcc-cross/arm-linux-gnueabi/4.7/libgcc.a(_divsi3.o)
 .bss           0x0000000000000000        0x0 /usr/lib/gcc-cross/arm-linux-gnueabi/4.7/libgcc.a(_divsi3.o)
 .note.GNU-stack
                0x0000000000000000        0x0 /usr/lib/gcc-cross/arm-linux-gnueabi/4.7/libgcc.a(_divsi3.o)
 .ARM.attributes
                0x0000000000000000       0x1c /usr/lib/gcc-cross/arm-linux-gnueabi/4.7/libgcc.a(_divsi3.o)
 .data          0x0000000000000000        0x0 /usr/lib/gcc-cross/arm-linux-gnueabi/4.7/libgcc.a(_lshrdi3.o)
 .bss           0x0000000000000000        0x0 /usr/lib/gcc-cross/arm-linux-gnueabi/4.7/libgcc.a(_lshrdi3.o)
 .data          0x0000000000000000        0x0 /usr/lib/gcc-cross/arm-linux-gnueabi/4.7/libgcc.a(_ashldi3.o)
 .bss           0x0000000000000000        0x0 /usr/lib/gcc-cross/arm-linux-gnueabi/4.7/libgcc.a(_ashldi3.o)
 .data          0x0000000000000000        0x0 /usr/lib/gcc-cross/arm-linux-gnueabi/4.7/libgcc.a(_dvmd_lnx.o)
 .bss           0x0000000000000000        0x0 /usr/lib/gcc-cross/arm-linux-gnueabi/4.7/libgcc.a(_dvmd_lnx.o)

Memory Configuration

Name             Origin             Length             Attributes
*default*        0x0000000000000000 0xffffffffffffffff

Linker script and memory map

                0x0000000000000000                . = 0x0
                0x0000000000000000                . = ALIGN (0x4)

.text           0x0000000000000000     0x7f44
                0x0000000000000000                __image_copy_start = .
 arch/arm/cpu/armv7/start.o(.text*)
 .text          0x0000000000000000       0xf0 arch/arm/cpu/armv7/start.o
                0x0000000000000000                _start
                0x0000000000000040                _end_vect
                0x0000000000000040                _TEXT_BASE
                0x0000000000000044                _bss_start_ofs
                0x0000000000000048                _bss_end_ofs
                0x000000000000004c                _end_ofs
                0x0000000000000050                IRQ_STACK_START_IN
                0x0000000000000094                c_runtime_cpu_setup
                0x00000000000000ac                save_boot_params
                0x00000000000000b0                cpu_init_cp15
                0x00000000000000e8                cpu_init_crit
 *(.text*)
 .text.invalidate_dcache_all
                0x00000000000000f0        0x4 arch/arm/cpu/armv7/built-in.o
                0x00000000000000f0                invalidate_dcache_all
 .text.flush_dcache_range
                0x00000000000000f4        0x4 arch/arm/cpu/armv7/built-in.o
                0x00000000000000f4                flush_dcache_range
 .text.invalidate_icache_all
                0x00000000000000f8       0x18 arch/arm/cpu/armv7/built-in.o
                0x00000000000000f8                invalidate_icache_all
 .text.__v7_outer_cache_disable
                0x0000000000000110        0x4 arch/arm/cpu/armv7/built-in.o
                0x0000000000000110                v7_outer_cache_disable
                0x0000000000000110                __v7_outer_cache_disable
 .text.cpu_cache_initialization
                0x0000000000000114        0x4 arch/arm/cpu/armv7/built-in.o
                0x0000000000000114                cpu_cache_initialization
 .text.cleanup_before_linux
                0x0000000000000118       0x24 arch/arm/cpu/armv7/built-in.o
                0x0000000000000118                cleanup_before_linux
 .text          0x000000000000013c       0x24 arch/arm/cpu/armv7/zynq/built-in.o
                0x000000000000013c                lowlevel_init
 .text.__zynq_clk_pll_get_rate
                0x0000000000000160       0x20 arch/arm/cpu/armv7/zynq/built-in.o
 .text.zynq_clk_early_init
                0x0000000000000180       0x78 arch/arm/cpu/armv7/zynq/built-in.o
                0x0000000000000180                zynq_clk_early_init
 .text.get_uart_clk
                0x00000000000001f8       0x54 arch/arm/cpu/armv7/zynq/built-in.o
                0x00000000000001f8                get_uart_clk
 .text.zynq_clk_get_rate
                0x000000000000024c       0x20 arch/arm/cpu/armv7/zynq/built-in.o
                0x000000000000024c                zynq_clk_get_rate
 .text.arch_cpu_init
                0x000000000000026c       0x18 arch/arm/cpu/armv7/zynq/built-in.o
                0x000000000000026c                arch_cpu_init
 .text.zynq_slcr_lock
                0x0000000000000284       0x2c arch/arm/cpu/armv7/zynq/built-in.o
                0x0000000000000284                zynq_slcr_lock
 .text.zynq_slcr_unlock
                0x00000000000002b0       0x2c arch/arm/cpu/armv7/zynq/built-in.o
                0x00000000000002b0                zynq_slcr_unlock
 .text.zynq_slcr_devcfg_disable
                0x00000000000002dc       0x24 arch/arm/cpu/armv7/zynq/built-in.o
                0x00000000000002dc                zynq_slcr_devcfg_disable
 .text.zynq_slcr_devcfg_enable
                0x0000000000000300       0x24 arch/arm/cpu/armv7/zynq/built-in.o
                0x0000000000000300                zynq_slcr_devcfg_enable
 .text.zynq_slcr_get_boot_mode
                0x0000000000000324        0xc arch/arm/cpu/armv7/zynq/built-in.o
                0x0000000000000324                zynq_slcr_get_boot_mode
 .text.zynq_slcr_get_idcode
                0x0000000000000330       0x10 arch/arm/cpu/armv7/zynq/built-in.o
                0x0000000000000330                zynq_slcr_get_idcode
 .text.zynq_slcr_get_mio_pin_status
                0x0000000000000340       0x90 arch/arm/cpu/armv7/zynq/built-in.o
                0x0000000000000340                zynq_slcr_get_mio_pin_status
 .text.ps7_init
                0x00000000000003d0        0xc arch/arm/cpu/armv7/zynq/built-in.o
                0x00000000000003d0                ps7_init
 .text.board_init_f
                0x00000000000003dc       0x40 arch/arm/cpu/armv7/zynq/built-in.o
                0x00000000000003dc                board_init_f
 .text.spl_board_init
                0x000000000000041c        0x4 arch/arm/cpu/armv7/zynq/built-in.o
                0x000000000000041c                spl_board_init
 .text.spl_boot_device
                0x0000000000000420       0x80 arch/arm/cpu/armv7/zynq/built-in.o
                0x0000000000000420                spl_boot_device
 .text.spl_boot_mode
                0x00000000000004a0        0x8 arch/arm/cpu/armv7/zynq/built-in.o
                0x00000000000004a0                spl_boot_mode
 .text.spl_start_uboot
                0x00000000000004a8        0x8 arch/arm/cpu/armv7/zynq/built-in.o
                0x00000000000004a8                spl_start_uboot
 .text.timer_init
                0x00000000000004b0       0x60 arch/arm/cpu/armv7/zynq/built-in.o
                0x00000000000004b0                timer_init
 .text.get_timer_masked
                0x0000000000000510       0x50 arch/arm/cpu/armv7/zynq/built-in.o
                0x0000000000000510                get_timer_masked
 .text.__udelay
                0x0000000000000560       0x8c arch/arm/cpu/armv7/zynq/built-in.o
                0x0000000000000560                __udelay
 .text.get_timer
                0x00000000000005ec       0x14 arch/arm/cpu/armv7/zynq/built-in.o
                0x00000000000005ec                get_timer
 .text          0x0000000000000600       0x20 arch/arm/lib/built-in.o
                0x0000000000000600                _main
 .text.cp_delay
                0x0000000000000620       0x30 arch/arm/lib/built-in.o
 .text.icache_disable
                0x0000000000000650       0x1c arch/arm/lib/built-in.o
                0x0000000000000650                icache_disable
 .text.dcache_disable
                0x000000000000066c        0x4 arch/arm/lib/built-in.o
                0x000000000000066c                dcache_disable
 .text.jump_to_image_linux
                0x0000000000000670       0x28 arch/arm/lib/built-in.o
                0x0000000000000670                jump_to_image_linux
 .text.board_init
                0x0000000000000698       0xdc board/xilinx/zynq/built-in.o
                0x0000000000000698                board_init
 .text.board_mmc_init
                0x0000000000000774        0xc board/xilinx/zynq/built-in.o
                0x0000000000000774                board_mmc_init
 .text.fgetc    0x0000000000000780       0x2c common/built-in.o
                0x0000000000000780                fgetc
 .text.ftstc    0x00000000000007ac       0x2c common/built-in.o
                0x00000000000007ac                ftstc
 .text.getc     0x00000000000007d8       0x24 common/built-in.o
                0x00000000000007d8                getc
 .text.tstc     0x00000000000007fc       0x24 common/built-in.o
                0x00000000000007fc                tstc
 .text.puts     0x0000000000000820       0x3c common/built-in.o
                0x0000000000000820                puts
 .text.printf   0x000000000000085c       0x58 common/built-in.o
                0x000000000000085c                printf
 .text.ctrlc    0x00000000000008b4       0x58 common/built-in.o
                0x00000000000008b4                ctrlc
 .text.sbrk     0x000000000000090c       0x70 common/built-in.o
                0x000000000000090c                sbrk
 .text.mem_malloc_init
                0x000000000000097c       0x34 common/built-in.o
                0x000000000000097c                mem_malloc_init
 .text.malloc_trim
                0x00000000000009b0       0xcc common/built-in.o
                0x00000000000009b0                malloc_trim
 .text.free     0x0000000000000a7c      0x238 common/built-in.o
                0x0000000000000a7c                free
 .text.malloc   0x0000000000000cb4      0x604 common/built-in.o
                0x0000000000000cb4                malloc
 .text.memalign
                0x00000000000012b8      0x10c common/built-in.o
                0x00000000000012b8                memalign
 .text.spl_board_prepare_for_linux
                0x00000000000013c4        0x4 common/spl/built-in.o
                0x00000000000013c4                spl_board_prepare_for_linux
 .text.spl_parse_image_header
                0x00000000000013c8       0xb0 common/spl/built-in.o
                0x00000000000013c8                spl_parse_image_header
 .text.jump_to_image_no_args
                0x0000000000001478        0xc common/spl/built-in.o
                0x0000000000001478                jump_to_image_no_args
 .text.board_init_r
                0x0000000000001484       0x6c common/spl/built-in.o
                0x0000000000001484                board_init_r
 .text.preloader_console_init
                0x00000000000014f0       0x38 common/spl/built-in.o
                0x00000000000014f0                preloader_console_init
 .text.mmc_load_image_raw
                0x0000000000001528       0xb4 common/spl/built-in.o
 .text.mmc_load_image_fat.isra.0
                0x00000000000015dc       0x6c common/spl/built-in.o
 .text.spl_mmc_load_image
                0x0000000000001648      0x190 common/spl/built-in.o
                0x0000000000001648                spl_mmc_load_image
 .text.init_part
                0x00000000000017d8       0x20 disk/built-in.o
                0x00000000000017d8                init_part
 .text.get_partition_info
                0x00000000000017f8       0x2c disk/built-in.o
                0x00000000000017f8                get_partition_info
 .text.test_block_type
                0x0000000000001824       0x7c disk/built-in.o
 .text.get_partition_info_extended.constprop.2
                0x00000000000018a0      0x2a8 disk/built-in.o
 .text.test_part_dos
                0x0000000000001b48       0x64 disk/built-in.o
                0x0000000000001b48                test_part_dos
 .text.get_partition_info_dos
                0x0000000000001bac       0x1c disk/built-in.o
                0x0000000000001bac                get_partition_info_dos
 .text.fpga_no_sup
                0x0000000000001bc8       0x4c drivers/fpga/built-in.o
 .text.fpga_get_desc
                0x0000000000001c14       0x34 drivers/fpga/built-in.o
                0x0000000000001c14                fpga_get_desc
 .text.fpga_validate
                0x0000000000001c48       0x54 drivers/fpga/built-in.o
                0x0000000000001c48                fpga_validate
 .text.fpga_init
                0x0000000000001c9c       0x20 drivers/fpga/built-in.o
                0x0000000000001c9c                fpga_init
 .text.fpga_add
                0x0000000000001cbc       0xa0 drivers/fpga/built-in.o
                0x0000000000001cbc                fpga_add
 .text.fpga_load
                0x0000000000001d5c       0x94 drivers/fpga/built-in.o
                0x0000000000001d5c                fpga_load
 .text.xilinx_validate
                0x0000000000001df0       0x78 drivers/fpga/built-in.o
 .text.xilinx_load
                0x0000000000001e68       0xb4 drivers/fpga/built-in.o
                0x0000000000001e68                xilinx_load
 .text.load_word
                0x0000000000001f1c       0x48 drivers/fpga/built-in.o
 .text.zynq_load
                0x0000000000001f64      0x404 drivers/fpga/built-in.o
                0x0000000000001f64                zynq_load
 .text.mmc_berase
                0x0000000000002368        0x8 drivers/mmc/built-in.o
 .text.mmc_bwrite
                0x0000000000002370        0x8 drivers/mmc/built-in.o
 .text.mmc_set_ios
                0x0000000000002378       0x10 drivers/mmc/built-in.o
 .text.mmc_set_capacity
                0x0000000000002388       0xa4 drivers/mmc/built-in.o
 .text.__board_mmc_getcd
                0x000000000000242c        0x8 drivers/mmc/built-in.o
                0x000000000000242c                __board_mmc_getcd
                0x000000000000242c                board_mmc_getcd
 .text.mmc_send_cmd
                0x0000000000002434       0x10 drivers/mmc/built-in.o
                0x0000000000002434                mmc_send_cmd
 .text.mmc_send_ext_csd
                0x0000000000002444       0x4c drivers/mmc/built-in.o
 .text.mmc_go_idle
                0x0000000000002490       0x4c drivers/mmc/built-in.o
 .text.mmc_send_op_cond_iter
                0x00000000000024dc       0x7c drivers/mmc/built-in.o
 .text.mmc_send_status
                0x0000000000002558       0xc4 drivers/mmc/built-in.o
                0x0000000000002558                mmc_send_status
 .text.mmc_switch.isra.1
                0x000000000000261c       0x54 drivers/mmc/built-in.o
 .text.mmc_set_blocklen
                0x0000000000002670       0x30 drivers/mmc/built-in.o
                0x0000000000002670                mmc_set_blocklen
 .text.find_mmc_device
                0x00000000000026a0       0x44 drivers/mmc/built-in.o
                0x00000000000026a0                find_mmc_device
 .text.mmc_bread
                0x00000000000026e4      0x144 drivers/mmc/built-in.o
 .text.mmc_send_op_cond
                0x0000000000002828       0x6c drivers/mmc/built-in.o
                0x0000000000002828                mmc_send_op_cond
 .text.mmc_complete_op_cond
                0x0000000000002894       0x88 drivers/mmc/built-in.o
                0x0000000000002894                mmc_complete_op_cond
 .text.mmc_getcd
                0x000000000000291c       0x34 drivers/mmc/built-in.o
                0x000000000000291c                mmc_getcd
 .text.mmc_set_clock
                0x0000000000002950       0x20 drivers/mmc/built-in.o
                0x0000000000002950                mmc_set_clock
 .text.mmc_startup
                0x0000000000002970      0xb48 drivers/mmc/built-in.o
 .text.mmc_register
                0x00000000000034b8       0x98 drivers/mmc/built-in.o
                0x00000000000034b8                mmc_register
 .text.mmc_start_init
                0x0000000000003550      0x204 drivers/mmc/built-in.o
                0x0000000000003550                mmc_start_init
 .text.mmc_init
                0x0000000000003754       0x98 drivers/mmc/built-in.o
                0x0000000000003754                mmc_init
 .text.__def_mmc_init
                0x00000000000037ec        0x8 drivers/mmc/built-in.o
                0x00000000000037ec                cpu_mmc_init
 .text.mmc_initialize
                0x00000000000037f4       0x70 drivers/mmc/built-in.o
                0x00000000000037f4                mmc_initialize
 .text.sdhci_set_ios
                0x0000000000003864      0x1d4 drivers/mmc/built-in.o
                0x0000000000003864                sdhci_set_ios
 .text.sdhci_init
                0x0000000000003a38      0x198 drivers/mmc/built-in.o
                0x0000000000003a38                sdhci_init
 .text.sdhci_reset
                0x0000000000003bd0       0x60 drivers/mmc/built-in.o
 .text.sdhci_send_command
                0x0000000000003c30      0x3dc drivers/mmc/built-in.o
                0x0000000000003c30                sdhci_send_command
 .text.add_sdhci
                0x000000000000400c      0x198 drivers/mmc/built-in.o
                0x000000000000400c                add_sdhci
 .text.zynq_sdhci_init
                0x00000000000041a4       0x70 drivers/mmc/built-in.o
                0x00000000000041a4                zynq_sdhci_init
 .text.spi_flash_read_write
                0x0000000000004214       0x84 drivers/mtd/spi/built-in.o
 .text.spi_flash_cmd_read
                0x0000000000004298       0x1c drivers/mtd/spi/built-in.o
                0x0000000000004298                spi_flash_cmd_read
 .text.spi_flash_cmd
                0x00000000000042b4       0x2c drivers/mtd/spi/built-in.o
                0x00000000000042b4                spi_flash_cmd
 .text.spi_flash_cmd_write
                0x00000000000042e0       0x1c drivers/mtd/spi/built-in.o
                0x00000000000042e0                spi_flash_cmd_write
 .text.spi_flash_dual_flash
                0x00000000000042fc       0x64 drivers/mtd/spi/built-in.o
 .text.spi_flash_cmd_wait_ready
                0x0000000000004360       0xec drivers/mtd/spi/built-in.o
                0x0000000000004360                spi_flash_cmd_wait_ready
 .text.spi_flash_write_common
                0x000000000000444c       0x98 drivers/mtd/spi/built-in.o
                0x000000000000444c                spi_flash_write_common
 .text.spi_flash_bank
                0x00000000000044e4       0x64 drivers/mtd/spi/built-in.o
 .text.spi_flash_cmd_erase_ops
                0x0000000000004548       0xd8 drivers/mtd/spi/built-in.o
                0x0000000000004548                spi_flash_cmd_erase_ops
 .text.spi_flash_cmd_write_ops
                0x0000000000004620       0xe4 drivers/mtd/spi/built-in.o
                0x0000000000004620                spi_flash_cmd_write_ops
 .text.spi_flash_read_common
                0x0000000000004704       0x58 drivers/mtd/spi/built-in.o
                0x0000000000004704                spi_flash_read_common
 .text.spi_flash_cmd_read_config
                0x000000000000475c       0x2c drivers/mtd/spi/built-in.o
                0x000000000000475c                spi_flash_cmd_read_config
 .text.spi_flash_cmd_read_status
                0x0000000000004788       0x2c drivers/mtd/spi/built-in.o
                0x0000000000004788                spi_flash_cmd_read_status
 .text.spi_flash_cmd_write_config
                0x00000000000047b4       0x4c drivers/mtd/spi/built-in.o
                0x00000000000047b4                spi_flash_cmd_write_config
 .text.spi_flash_cmd_read_ops
                0x0000000000004800      0x170 drivers/mtd/spi/built-in.o
                0x0000000000004800                spi_flash_cmd_read_ops
 .text.spi_flash_set_qeb
                0x0000000000004970       0x6c drivers/mtd/spi/built-in.o
 .text.spi_flash_probe
                0x00000000000049dc      0x384 drivers/mtd/spi/built-in.o
                0x00000000000049dc                spi_flash_probe
 .text.spl_spi_load_image
                0x0000000000004d60       0x74 drivers/mtd/spi/built-in.o
                0x0000000000004d60                spl_spi_load_image
 .text.get_current
                0x0000000000004dd4       0x40 drivers/serial/built-in.o
 .text.serial_init
                0x0000000000004e14       0x14 drivers/serial/built-in.o
                0x0000000000004e14                serial_init
 .text.serial_getc
                0x0000000000004e28       0x14 drivers/serial/built-in.o
                0x0000000000004e28                serial_getc
 .text.serial_tstc
                0x0000000000004e3c       0x14 drivers/serial/built-in.o
                0x0000000000004e3c                serial_tstc
 .text.serial_puts
                0x0000000000004e50       0x1c drivers/serial/built-in.o
                0x0000000000004e50                serial_puts
 .text.uart_zynq_serial_putc
                0x0000000000004e6c       0x40 drivers/serial/built-in.o
 .text.uart_zynq1_tstc
                0x0000000000004eac       0x18 drivers/serial/built-in.o
                0x0000000000004eac                uart_zynq1_tstc
 .text.uart_zynq1_putc
                0x0000000000004ec4        0x8 drivers/serial/built-in.o
                0x0000000000004ec4                uart_zynq1_putc
 .text.uart_zynq1_puts
                0x0000000000004ecc       0x24 drivers/serial/built-in.o
                0x0000000000004ecc                uart_zynq1_puts
 .text.uart_zynq_serial_setbrg
                0x0000000000004ef0       0xa8 drivers/serial/built-in.o
 .text.uart_zynq1_setbrg
                0x0000000000004f98        0x8 drivers/serial/built-in.o
                0x0000000000004f98                uart_zynq1_setbrg
 .text.uart_zynq1_getc
                0x0000000000004fa0       0x20 drivers/serial/built-in.o
                0x0000000000004fa0                uart_zynq1_getc
 .text.uart_zynq1_init
                0x0000000000004fc0       0x2c drivers/serial/built-in.o
                0x0000000000004fc0                uart_zynq1_init
 .text.default_serial_console
                0x0000000000004fec        0xc drivers/serial/built-in.o
                0x0000000000004fec                default_serial_console
 .text.spi_do_alloc_slave
                0x0000000000004ff8       0x4c drivers/spi/built-in.o
                0x0000000000004ff8                spi_do_alloc_slave
 .text.zynq_qspi_copy_write_data
                0x0000000000005044       0xf8 drivers/spi/built-in.o
 .text.zynq_qspi_fill_tx_fifo
                0x000000000000513c       0xe4 drivers/spi/built-in.o
 .text.zynq_qspi_copy_read_data
                0x0000000000005220       0xb4 drivers/spi/built-in.o
 .text.zynq_qspi_setup_transfer
                0x00000000000052d4       0xa8 drivers/spi/built-in.o
 .text.spi_setup_slave
                0x000000000000537c      0x1e8 drivers/spi/built-in.o
                0x000000000000537c                spi_setup_slave
 .text.spi_free_slave
                0x0000000000005564        0x4 drivers/spi/built-in.o
                0x0000000000005564                spi_free_slave
 .text.spi_claim_bus
                0x0000000000005568        0x8 drivers/spi/built-in.o
                0x0000000000005568                spi_claim_bus
 .text.spi_release_bus
                0x0000000000005570        0x4 drivers/spi/built-in.o
                0x0000000000005570                spi_release_bus
 .text.spi_xfer
                0x0000000000005574      0x450 drivers/spi/built-in.o
                0x0000000000005574                spi_xfer
 .text.downcase
                0x00000000000059c4       0x30 fs/built-in.o
 .text.disk_read
                0x00000000000059f4       0x58 fs/built-in.o
 .text.dirdelim
                0x0000000000005a4c       0x34 fs/built-in.o
 .text.get_fatent
                0x0000000000005a80      0x158 fs/built-in.o
 .text.mkcksum  0x0000000000005bd8       0x54 fs/built-in.o
 .text.get_name
                0x0000000000005c2c       0xac fs/built-in.o
 .text.read_bootsectandvi
                0x0000000000005cd8      0x128 fs/built-in.o
 .text.get_cluster
                0x0000000000005e00      0x17c fs/built-in.o
 .text.slot2str
                0x0000000000005f7c       0xc8 fs/built-in.o
 .text.get_vfatname
                0x0000000000006044      0x1bc fs/built-in.o
 .text.fat_set_blk_dev
                0x0000000000006200       0xd4 fs/built-in.o
                0x0000000000006200                fat_set_blk_dev
 .text.fat_register_device
                0x00000000000062d4       0x88 fs/built-in.o
                0x00000000000062d4                fat_register_device
 .text.do_fat_read_at
                0x000000000000635c      0xb0c fs/built-in.o
                0x000000000000635c                do_fat_read_at
 .text.file_fat_read_at
                0x0000000000006e68       0x44 fs/built-in.o
                0x0000000000006e68                file_fat_read_at
 .text.file_fat_read
                0x0000000000006eac       0x14 fs/built-in.o
                0x0000000000006eac                file_fat_read
 .text.__div64_32
                0x0000000000006ec0       0xdc lib/built-in.o
                0x0000000000006ec0                __div64_32
 .text.hang     0x0000000000006f9c       0x14 lib/built-in.o
                0x0000000000006f9c                hang
 .text.strcpy   0x0000000000006fb0       0x1c lib/built-in.o
                0x0000000000006fb0                strcpy
 .text.strcmp   0x0000000000006fcc       0x2c lib/built-in.o
                0x0000000000006fcc                strcmp
 .text.strncmp  0x0000000000006ff8       0x40 lib/built-in.o
                0x0000000000006ff8                strncmp
 .text.strnlen  0x0000000000007038       0x30 lib/built-in.o
                0x0000000000007038                strnlen
 .text.memset   0x0000000000007068       0x6c lib/built-in.o
                0x0000000000007068                memset
 .text.memcpy   0x00000000000070d4       0x68 lib/built-in.o
                0x00000000000070d4                memcpy
 .text.memcmp   0x000000000000713c       0x34 lib/built-in.o
                0x000000000000713c                memcmp
 .text.udelay   0x0000000000007170       0x30 lib/built-in.o
                0x0000000000007170                udelay
 .text.put_dec_trunc
                0x00000000000071a0       0xdc lib/built-in.o
 .text.put_dec  0x000000000000727c      0x130 lib/built-in.o
 .text.string.isra.0
                0x00000000000073ac       0xa0 lib/built-in.o
 .text.number.isra.4
                0x000000000000744c      0x264 lib/built-in.o
 .text.vsnprintf_internal.isra.6
                0x00000000000076b0      0x610 lib/built-in.o
 .text.vsprintf
                0x0000000000007cc0        0x4 lib/built-in.o
                0x0000000000007cc0                vsprintf
 .text.sprintf  0x0000000000007cc4       0x24 lib/built-in.o
                0x0000000000007cc4                sprintf
 .text.raise    0x0000000000007ce8        0x8 /home/jackywu/Downloads/gitdir/xilinx-tag/u-boot-xlnx/u-boot-xlnx-xilinx-v2014.1-zed/spl/arch/arm/lib/eabi_compat.o
                0x0000000000007ce8                raise
 .text          0x0000000000007cf0      0x20c /usr/lib/gcc-cross/arm-linux-gnueabi/4.7/libgcc.a(_udivsi3.o)
                0x0000000000007cf0                __udivsi3
                0x0000000000007cf0                __aeabi_uidiv
                0x0000000000007edc                __aeabi_uidivmod
 .text          0x0000000000007efc       0x1c /usr/lib/gcc-cross/arm-linux-gnueabi/4.7/libgcc.a(_lshrdi3.o)
                0x0000000000007efc                __aeabi_llsr
                0x0000000000007efc                __lshrdi3
 .text          0x0000000000007f18       0x1c /usr/lib/gcc-cross/arm-linux-gnueabi/4.7/libgcc.a(_ashldi3.o)
                0x0000000000007f18                __ashldi3
                0x0000000000007f18                __aeabi_llsl
 .text          0x0000000000007f34       0x10 /usr/lib/gcc-cross/arm-linux-gnueabi/4.7/libgcc.a(_dvmd_lnx.o)
                0x0000000000007f34                __aeabi_ldiv0
                0x0000000000007f34                __aeabi_idiv0

.glue_7         0x0000000000007f44        0x0
 .glue_7        0x0000000000000000        0x0 linker stubs

.glue_7t        0x0000000000007f44        0x0
 .glue_7t       0x0000000000000000        0x0 linker stubs

.vfp11_veneer   0x0000000000007f44        0x0
 .vfp11_veneer  0x0000000000000000        0x0 linker stubs

.v4_bx          0x0000000000007f44        0x0
 .v4_bx         0x0000000000000000        0x0 linker stubs

.iplt           0x0000000000007f44        0x0
 .iplt          0x0000000000000000        0x0 arch/arm/cpu/armv7/start.o
                0x0000000000007f44                . = ALIGN (0x4)

.rodata         0x0000000000007f44     0x2280
 *(SORT(.rodata*))
 .rodata.CSWTCH.38
                0x0000000000007f44        0xc arch/arm/cpu/armv7/zynq/built-in.o
 .rodata.bin_format
                0x0000000000007f50       0x34 drivers/fpga/built-in.o
 .rodata.ext_csd_bits.7293
                0x0000000000007f84        0xc drivers/mmc/built-in.o
 .rodata.ext_to_hostcaps.7294
                0x0000000000007f90        0xc drivers/mmc/built-in.o
 .rodata.fbase  0x0000000000007f9c       0x10 drivers/mmc/built-in.o
 .rodata.mio_periphs
                0x0000000000007fac       0x8c arch/arm/cpu/armv7/zynq/built-in.o
 .rodata.multipliers
                0x0000000000008038       0x40 drivers/mmc/built-in.o
 .rodata.nand16_pins
                0x0000000000008078       0x20 arch/arm/cpu/armv7/zynq/built-in.o
 .rodata.nand8_pins
                0x0000000000008098       0x34 arch/arm/cpu/armv7/zynq/built-in.o
 .rodata.offsets.8953
                0x00000000000080cc       0x10 drivers/spi/built-in.o
 .rodata.qspi0_pins
                0x00000000000080dc       0x18 arch/arm/cpu/armv7/zynq/built-in.o
 .rodata.qspi1_cs_pin
                0x00000000000080f4        0x4 arch/arm/cpu/armv7/zynq/built-in.o
 .rodata.qspi1_pins
                0x00000000000080f8       0x14 arch/arm/cpu/armv7/zynq/built-in.o
 .rodata.spi_flash_params_table
                0x000000000000810c      0x4e0 drivers/mtd/spi/built-in.o
                0x000000000000810c                spi_flash_params_table
 .rodata.uart_zynq_ports
                0x00000000000085ec        0x8 drivers/serial/built-in.o
 .rodata.uart_zynq_ports_param
                0x00000000000085f4        0x8 drivers/serial/built-in.o
 .rodata.usb0_pins
                0x00000000000085fc       0x30 arch/arm/cpu/armv7/zynq/built-in.o
 .rodata.usb1_pins
                0x000000000000862c       0x30 arch/arm/cpu/armv7/zynq/built-in.o
 .rodata.widths.7295
                0x000000000000865c        0xc drivers/mmc/built-in.o
 .rodata.CSWTCH.27
                0x0000000000008668        0x2 arch/arm/cpu/armv7/zynq/built-in.o
 .rodata.CSWTCH.31
                0x000000000000866a        0x4 arch/arm/cpu/armv7/zynq/built-in.o
 .rodata.__FUNCTION__.7026
                0x000000000000866e        0xc drivers/fpga/built-in.o
 .rodata.__func__.7059
                0x000000000000867a        0x9 drivers/fpga/built-in.o
 .rodata.__func__.7086
                0x0000000000008683        0xa drivers/fpga/built-in.o
 .rodata.__func__.7199
                0x000000000000868d        0xc drivers/mmc/built-in.o
 .rodata.__func__.7230
                0x0000000000008699       0x14 drivers/mmc/built-in.o
 .rodata.__func__.7252
                0x00000000000086ad       0x13 drivers/mmc/built-in.o
 .rodata.__func__.7272
                0x00000000000086c0       0x10 drivers/mmc/built-in.o
 .rodata.__func__.7296
                0x00000000000086d0        0xb drivers/mmc/built-in.o
 .rodata.__func__.7308
                0x00000000000086db        0xa drivers/mmc/built-in.o
 .rodata.__func__.7954
                0x00000000000086e5       0x12 drivers/fpga/built-in.o
 .rodata.__func__.7981
                0x00000000000086f7       0x13 drivers/fpga/built-in.o
 .rodata.__func__.8015
                0x000000000000870a       0x16 drivers/fpga/built-in.o
 .rodata.__func__.8033
                0x0000000000008720       0x18 drivers/fpga/built-in.o
 .rodata.__func__.8043
                0x0000000000008738        0xa drivers/fpga/built-in.o
 .rodata.__func__.8937
                0x0000000000008742       0x19 drivers/spi/built-in.o
 .rodata.__func__.8970
                0x000000000000875b       0x13 drivers/spi/built-in.o
 .rodata.__func__.9054
                0x000000000000876e       0x10 drivers/spi/built-in.o
 .rodata._ctype
                0x000000000000877e      0x100 lib/built-in.o
                0x000000000000877e                _ctype
 .rodata.digits.6836
                0x000000000000887e       0x10 lib/built-in.o
 .rodata.hex_asc
                0x000000000000888e       0x11 lib/built-in.o
 .rodata.spi_read_cmds_array
                0x000000000000889f        0x5 drivers/mtd/spi/built-in.o
 .rodata.str1.1
                0x00000000000088a4      0x238 arch/arm/cpu/armv7/zynq/built-in.o
                                        0x242 (size before relaxing)
 .rodata.str1.1
                0x0000000000008adc       0x57 board/xilinx/zynq/built-in.o
                                         0x58 (size before relaxing)
 .rodata.str1.1
                0x0000000000008b33      0x187 common/spl/built-in.o
 .rodata.str1.1
                0x0000000000008cba      0x416 disk/built-in.o
                                        0x43b (size before relaxing)
 .rodata.str1.1
                0x00000000000090d0      0x745 drivers/fpga/built-in.o
                                        0x759 (size before relaxing)
 .rodata.str1.1
                0x0000000000009815      0x29d drivers/mmc/built-in.o
                                        0x2a2 (size before relaxing)
 .rodata.str1.1
                0x0000000000009ab2      0x296 drivers/mtd/spi/built-in.o
 .rodata.str1.1
                0x0000000000009d48       0x15 drivers/serial/built-in.o
 .rodata.str1.1
                0x0000000000009d5d       0x9d drivers/spi/built-in.o
                                         0xb2 (size before relaxing)
 .rodata.str1.1
                0x0000000000009dfa      0x299 fs/built-in.o
                                        0x2c4 (size before relaxing)
 .rodata.str1.1
                0x000000000000a093      0x131 lib/built-in.o
                                        0x133 (size before relaxing)
                0x000000000000a1c4                . = ALIGN (0x4)

.data           0x000000000000a1c8      0x5f1
 *(.data*)
 .data.slcr_lock
                0x000000000000a1c8        0x4 arch/arm/cpu/armv7/zynq/built-in.o
 *fill*         0x000000000000a1cc        0x4 
 .data          0x000000000000a1d0       0xa8 arch/arm/lib/built-in.o
                0x000000000000a1d0                gdata
 .data.fpga010  0x000000000000a278       0x18 board/xilinx/zynq/built-in.o
                0x000000000000a278                fpga010
 .data.fpga015  0x000000000000a290       0x18 board/xilinx/zynq/built-in.o
                0x000000000000a290                fpga015
 .data.fpga100  0x000000000000a2a8       0x18 board/xilinx/zynq/built-in.o
                0x000000000000a2a8                fpga100
 .data.fpga030  0x000000000000a2c0       0x18 board/xilinx/zynq/built-in.o
                0x000000000000a2c0                fpga030
 .data.fpga020  0x000000000000a2d8       0x18 board/xilinx/zynq/built-in.o
                0x000000000000a2d8                fpga020
 .data.fpga045  0x000000000000a2f0       0x18 board/xilinx/zynq/built-in.o
                0x000000000000a2f0                fpga045
 .data.av_      0x000000000000a308      0x408 common/built-in.o
 .data.sbrk_base
                0x000000000000a710        0x4 common/built-in.o
 .data.trim_threshold
                0x000000000000a714        0x4 common/built-in.o
 .data          0x000000000000a718       0x20 common/spl/built-in.o
 .data.next_desc
                0x000000000000a738        0x4 drivers/fpga/built-in.o
 .data.cur_dev_num
                0x000000000000a73c        0x4 drivers/mmc/built-in.o
 .data.cmd_timeout.7251
                0x000000000000a740        0x4 drivers/mmc/built-in.o
 .data.uart_zynq_serial1_device
                0x000000000000a744       0x30 drivers/serial/built-in.o
                0x000000000000a744                uart_zynq_serial1_device
 .data.flash_inst
                0x000000000000a774       0x45 drivers/spi/built-in.o

.igot.plt       0x000000000000a7bc        0x0
 .igot.plt      0x0000000000000000        0x0 arch/arm/cpu/armv7/start.o
                0x000000000000a7bc                . = ALIGN (0x4)
                0x000000000000a7bc                . = .
                0x000000000000a7bc                __image_copy_end = .

.rel.dyn        0x000000000000a7bc        0x0
                0x000000000000a7bc                __rel_dyn_start = .
 *(.rel*)
 .rel.iplt      0x0000000000000000        0x0 arch/arm/cpu/armv7/start.o
                0x000000000000a7bc                __rel_dyn_end = .
                0x000000000000a7bc                _end = .

.bss            0x000000000000a7bc      0x654
                0x000000000000a7bc                __bss_start = .
 *(.bss*)
 .bss.clks      0x000000000000a7bc      0x540 arch/arm/cpu/armv7/zynq/built-in.o
 .bss.fpga      0x000000000000acfc       0x18 board/xilinx/zynq/built-in.o
                0x000000000000acfc                fpga
 .bss.ctrlc_was_pressed
                0x000000000000ad14        0x4 common/built-in.o
 .bss.ctrlc_disabled
                0x000000000000ad18        0x4 common/built-in.o
 .bss.max_total_mem
                0x000000000000ad1c        0x4 common/built-in.o
 .bss.mem_malloc_brk
                0x000000000000ad20        0x4 common/built-in.o
                0x000000000000ad20                mem_malloc_brk
 .bss.max_sbrked_mem
                0x000000000000ad24        0x4 common/built-in.o
 .bss.current_mallinfo
                0x000000000000ad28       0x28 common/built-in.o
 .bss.mem_malloc_end
                0x000000000000ad50        0x4 common/built-in.o
                0x000000000000ad50                mem_malloc_end
 .bss.top_pad   0x000000000000ad54        0x4 common/built-in.o
 .bss.mem_malloc_start
                0x000000000000ad58        0x4 common/built-in.o
                0x000000000000ad58                mem_malloc_start
 .bss.stdio_devices
                0x000000000000ad5c        0xc common/built-in.o
                0x000000000000ad5c                stdio_devices
 .bss.spl_image
                0x000000000000ad68       0x18 common/spl/built-in.o
                0x000000000000ad68                spl_image
 .bss.desc_table
                0x000000000000ad80       0x28 drivers/fpga/built-in.o
 .bss.mmc_devices
                0x000000000000ada8        0x8 drivers/mmc/built-in.o
 .bss.aligned_buffer
                0x000000000000adb0        0x4 drivers/mmc/built-in.o
                0x000000000000adb0                aligned_buffer
 .bss.serial_current
                0x000000000000adb4        0x4 drivers/serial/built-in.o
 .bss.current_u_page.8994
                0x000000000000adb8        0x1 drivers/spi/built-in.o
 *fill*         0x000000000000adb9        0x3 
 .bss.cur_part_info
                0x000000000000adbc       0x50 fs/built-in.o
 .bss.cur_dev   0x000000000000ae0c        0x4 fs/built-in.o
                0x000000000000ae10                . = ALIGN (0x4)
                0x000000000000ae10                __bss_end = .

/DISCARD/
 *(.dynsym)
 *(.dynstr*)
 *(.dynamic*)
 *(.plt*)
 *(.interp*)
 *(.gnu*)
                0x0000000000100000                . = 0x100000

.ddr            0x0000000000100000    0x30000
                0x0000000000100000                __ddr_start = .
 *(.ddr*)
 .ddr           0x0000000000100000    0x30000 fs/built-in.o
                0x0000000000100000                get_contents_vfatname_block
                0x0000000000110000                get_dentfromdir_block
                0x0000000000120000                do_fat_read_at_block
                0x0000000000130000                . = ALIGN (0x4)
                0x0000000000130000                __ddr_end = .
                0x0000000000000001                ASSERT (((__bss_end - _start) < 0x30000), SPL image plus BSS too big)
Address of section .text set to 0x0
LOAD arch/arm/cpu/armv7/start.o
START GROUP
LOAD arch/arm/cpu/armv7/built-in.o
LOAD arch/arm/cpu/armv7/zynq/built-in.o
LOAD arch/arm/cpu/built-in.o
LOAD arch/arm/lib/built-in.o
LOAD board/xilinx/zynq/built-in.o
LOAD common/built-in.o
LOAD common/spl/built-in.o
LOAD disk/built-in.o
LOAD drivers/fpga/built-in.o
LOAD drivers/mmc/built-in.o
LOAD drivers/mtd/spi/built-in.o
LOAD drivers/serial/built-in.o
LOAD drivers/spi/built-in.o
LOAD fs/built-in.o
LOAD lib/built-in.o
END GROUP
LOAD /home/jackywu/Downloads/gitdir/xilinx-tag/u-boot-xlnx/u-boot-xlnx-xilinx-v2014.1-zed/spl/arch/arm/lib/eabi_compat.o
LOAD /usr/lib/gcc-cross/arm-linux-gnueabi/4.7/libgcc.a
OUTPUT(u-boot-spl elf32-littlearm)

.ARM.attributes
                0x0000000000000000       0x2d
 .ARM.attributes
                0x0000000000000000       0x21 arch/arm/cpu/armv7/start.o
 .ARM.attributes
                0x0000000000000021       0x2d arch/arm/cpu/armv7/built-in.o
 .ARM.attributes
                0x000000000000004e       0x2f arch/arm/cpu/armv7/zynq/built-in.o
 .ARM.attributes
                0x000000000000007d       0x2f arch/arm/lib/built-in.o
 .ARM.attributes
                0x00000000000000ac       0x2d board/xilinx/zynq/built-in.o
 .ARM.attributes
                0x00000000000000d9       0x2d common/built-in.o
 .ARM.attributes
                0x0000000000000106       0x2d common/spl/built-in.o
 .ARM.attributes
                0x0000000000000133       0x2d disk/built-in.o
 .ARM.attributes
                0x0000000000000160       0x2d drivers/fpga/built-in.o
 .ARM.attributes
                0x000000000000018d       0x2d drivers/mmc/built-in.o
 .ARM.attributes
                0x00000000000001ba       0x2d drivers/mtd/spi/built-in.o
 .ARM.attributes
                0x00000000000001e7       0x2d drivers/serial/built-in.o
 .ARM.attributes
                0x0000000000000214       0x2d drivers/spi/built-in.o
 .ARM.attributes
                0x0000000000000241       0x2d fs/built-in.o
 .ARM.attributes
                0x000000000000026e       0x2d lib/built-in.o
 .ARM.attributes
                0x000000000000029b       0x2d /home/jackywu/Downloads/gitdir/xilinx-tag/u-boot-xlnx/u-boot-xlnx-xilinx-v2014.1-zed/spl/arch/arm/lib/eabi_compat.o
 .ARM.attributes
                0x00000000000002c8       0x1c /usr/lib/gcc-cross/arm-linux-gnueabi/4.7/libgcc.a(_udivsi3.o)
 .ARM.attributes
                0x00000000000002e4       0x1c /usr/lib/gcc-cross/arm-linux-gnueabi/4.7/libgcc.a(_lshrdi3.o)
 .ARM.attributes
                0x0000000000000300       0x1c /usr/lib/gcc-cross/arm-linux-gnueabi/4.7/libgcc.a(_ashldi3.o)
 .ARM.attributes
                0x000000000000031c       0x1c /usr/lib/gcc-cross/arm-linux-gnueabi/4.7/libgcc.a(_dvmd_lnx.o)

.comment        0x0000000000000000       0x2b
 .comment       0x0000000000000000       0x2b arch/arm/cpu/armv7/built-in.o
                                         0x84 (size before relaxing)
 .comment       0x0000000000000000      0x108 arch/arm/cpu/armv7/zynq/built-in.o
 .comment       0x0000000000000000       0xdc arch/arm/lib/built-in.o
 .comment       0x0000000000000000       0x2c board/xilinx/zynq/built-in.o
 .comment       0x0000000000000000      0x1b8 common/built-in.o
 .comment       0x0000000000000000       0x58 common/spl/built-in.o
 .comment       0x0000000000000000       0x58 disk/built-in.o
 .comment       0x0000000000000000       0x84 drivers/fpga/built-in.o
 .comment       0x0000000000000000       0x84 drivers/mmc/built-in.o
 .comment       0x0000000000000000       0xdc drivers/mtd/spi/built-in.o
 .comment       0x0000000000000000       0x58 drivers/serial/built-in.o
 .comment       0x0000000000000000       0x58 drivers/spi/built-in.o
 .comment       0x0000000000000000       0x2c fs/built-in.o
 .comment       0x0000000000000000      0x1e4 lib/built-in.o
 .comment       0x0000000000000000       0x2c /home/jackywu/Downloads/gitdir/xilinx-tag/u-boot-xlnx/u-boot-xlnx-xilinx-v2014.1-zed/spl/arch/arm/lib/eabi_compat.o

.note.GNU-stack
                0x0000000000000000        0x0
 .note.GNU-stack
                0x0000000000000000        0x0 arch/arm/cpu/armv7/built-in.o
 .note.GNU-stack
                0x0000000000000000        0x0 arch/arm/cpu/armv7/zynq/built-in.o
 .note.GNU-stack
                0x0000000000000000        0x0 arch/arm/lib/built-in.o
 .note.GNU-stack
                0x0000000000000000        0x0 board/xilinx/zynq/built-in.o
 .note.GNU-stack
                0x0000000000000000        0x0 common/built-in.o
 .note.GNU-stack
                0x0000000000000000        0x0 common/spl/built-in.o
 .note.GNU-stack
                0x0000000000000000        0x0 disk/built-in.o
 .note.GNU-stack
                0x0000000000000000        0x0 drivers/fpga/built-in.o
 .note.GNU-stack
                0x0000000000000000        0x0 drivers/mmc/built-in.o
 .note.GNU-stack
                0x0000000000000000        0x0 drivers/mtd/spi/built-in.o
 .note.GNU-stack
                0x0000000000000000        0x0 drivers/serial/built-in.o
 .note.GNU-stack
                0x0000000000000000        0x0 drivers/spi/built-in.o
 .note.GNU-stack
                0x0000000000000000        0x0 fs/built-in.o
 .note.GNU-stack
                0x0000000000000000        0x0 lib/built-in.o
 .note.GNU-stack
                0x0000000000000000        0x0 /home/jackywu/Downloads/gitdir/xilinx-tag/u-boot-xlnx/u-boot-xlnx-xilinx-v2014.1-zed/spl/arch/arm/lib/eabi_compat.o
 .note.GNU-stack
                0x0000000000000000        0x0 /usr/lib/gcc-cross/arm-linux-gnueabi/4.7/libgcc.a(_udivsi3.o)
 .note.GNU-stack
                0x0000000000000000        0x0 /usr/lib/gcc-cross/arm-linux-gnueabi/4.7/libgcc.a(_lshrdi3.o)
 .note.GNU-stack
                0x0000000000000000        0x0 /usr/lib/gcc-cross/arm-linux-gnueabi/4.7/libgcc.a(_ashldi3.o)
 .note.GNU-stack
                0x0000000000000000        0x0 /usr/lib/gcc-cross/arm-linux-gnueabi/4.7/libgcc.a(_dvmd_lnx.o)

.debug_line     0x0000000000000000     0xc88e
 .debug_line    0x0000000000000000       0x78 arch/arm/cpu/armv7/start.o
 .debug_line    0x0000000000000078      0x5be arch/arm/cpu/armv7/built-in.o
 .debug_line    0x0000000000000636     0x1345 arch/arm/cpu/armv7/zynq/built-in.o
 .debug_line    0x000000000000197b      0xcb6 arch/arm/lib/built-in.o
 .debug_line    0x0000000000002631      0x33b board/xilinx/zynq/built-in.o
 .debug_line    0x000000000000296c     0x2e68 common/built-in.o
 .debug_line    0x00000000000057d4      0x6d1 common/spl/built-in.o
 .debug_line    0x0000000000005ea5      0x817 disk/built-in.o
 .debug_line    0x00000000000066bc      0xa28 drivers/fpga/built-in.o
 .debug_line    0x00000000000070e4     0x1092 drivers/mmc/built-in.o
 .debug_line    0x0000000000008176      0xcc7 drivers/mtd/spi/built-in.o
 .debug_line    0x0000000000008e3d      0x756 drivers/serial/built-in.o
 .debug_line    0x0000000000009593      0x6f9 drivers/spi/built-in.o
 .debug_line    0x0000000000009c8c      0xc51 fs/built-in.o
 .debug_line    0x000000000000a8dd     0x1e17 lib/built-in.o
 .debug_line    0x000000000000c6f4      0x19a /home/jackywu/Downloads/gitdir/xilinx-tag/u-boot-xlnx/u-boot-xlnx-xilinx-v2014.1-zed/spl/arch/arm/lib/eabi_compat.o

.debug_info     0x0000000000000000    0x309de
 .debug_info    0x0000000000000000       0x92 arch/arm/cpu/armv7/start.o
 .debug_info    0x0000000000000092      0xc59 arch/arm/cpu/armv7/built-in.o
 .debug_info    0x0000000000000ceb     0x4a68 arch/arm/cpu/armv7/zynq/built-in.o
 .debug_info    0x0000000000005753     0x23a4 arch/arm/lib/built-in.o
 .debug_info    0x0000000000007af7      0x8fa board/xilinx/zynq/built-in.o
 .debug_info    0x00000000000083f1     0xce48 common/built-in.o
 .debug_info    0x0000000000015239     0x1f23 common/spl/built-in.o
 .debug_info    0x000000000001715c     0x2092 disk/built-in.o
 .debug_info    0x00000000000191ee     0x2d6a drivers/fpga/built-in.o
 .debug_info    0x000000000001bf58     0x4f48 drivers/mmc/built-in.o
 .debug_info    0x0000000000020ea0     0x33c7 drivers/mtd/spi/built-in.o
 .debug_info    0x0000000000024267     0x17cf drivers/serial/built-in.o
 .debug_info    0x0000000000025a36     0x1dc3 drivers/spi/built-in.o
 .debug_info    0x00000000000277f9     0x3bc3 fs/built-in.o
 .debug_info    0x000000000002b3bc     0x530c lib/built-in.o
 .debug_info    0x00000000000306c8      0x316 /home/jackywu/Downloads/gitdir/xilinx-tag/u-boot-xlnx/u-boot-xlnx-xilinx-v2014.1-zed/spl/arch/arm/lib/eabi_compat.o

.debug_abbrev   0x0000000000000000     0x9de9
 .debug_abbrev  0x0000000000000000       0x14 arch/arm/cpu/armv7/start.o
 .debug_abbrev  0x0000000000000014      0x3fc arch/arm/cpu/armv7/built-in.o
 .debug_abbrev  0x0000000000000410     0x1020 arch/arm/cpu/armv7/zynq/built-in.o
 .debug_abbrev  0x0000000000001430      0x9db arch/arm/lib/built-in.o
 .debug_abbrev  0x0000000000001e0b      0x236 board/xilinx/zynq/built-in.o
 .debug_abbrev  0x0000000000002041     0x22a0 common/built-in.o
 .debug_abbrev  0x00000000000042e1      0x670 common/spl/built-in.o
 .debug_abbrev  0x0000000000004951      0x711 disk/built-in.o
 .debug_abbrev  0x0000000000005062      0x9d9 drivers/fpga/built-in.o
 .debug_abbrev  0x0000000000005a3b      0xd39 drivers/mmc/built-in.o
 .debug_abbrev  0x0000000000006774      0xc5b drivers/mtd/spi/built-in.o
 .debug_abbrev  0x00000000000073cf      0x6c1 drivers/serial/built-in.o
 .debug_abbrev  0x0000000000007a90      0x60b drivers/spi/built-in.o
 .debug_abbrev  0x000000000000809b      0x5a6 fs/built-in.o
 .debug_abbrev  0x0000000000008641     0x168a lib/built-in.o
 .debug_abbrev  0x0000000000009ccb      0x11e /home/jackywu/Downloads/gitdir/xilinx-tag/u-boot-xlnx/u-boot-xlnx-xilinx-v2014.1-zed/spl/arch/arm/lib/eabi_compat.o

.debug_aranges  0x0000000000000000     0x1490
 .debug_aranges
                0x0000000000000000       0x20 arch/arm/cpu/armv7/start.o
 .debug_aranges
                0x0000000000000020       0xe8 arch/arm/cpu/armv7/built-in.o
 .debug_aranges
                0x0000000000000108      0x1e8 arch/arm/cpu/armv7/zynq/built-in.o
 .debug_aranges
                0x00000000000002f0      0x190 arch/arm/lib/built-in.o
 .debug_aranges
                0x0000000000000480       0x40 board/xilinx/zynq/built-in.o
 .debug_aranges
                0x00000000000004c0      0x4f0 common/built-in.o
 .debug_aranges
                0x00000000000009b0       0x78 common/spl/built-in.o
 .debug_aranges
                0x0000000000000a28       0x98 disk/built-in.o
 .debug_aranges
                0x0000000000000ac0       0xf8 drivers/fpga/built-in.o
 .debug_aranges
                0x0000000000000bb8      0x178 drivers/mmc/built-in.o
 .debug_aranges
                0x0000000000000d30      0x118 drivers/mtd/spi/built-in.o
 .debug_aranges
                0x0000000000000e48      0x120 drivers/serial/built-in.o
 .debug_aranges
                0x0000000000000f68       0xa8 drivers/spi/built-in.o
 .debug_aranges
                0x0000000000001010      0x110 fs/built-in.o
 .debug_aranges
                0x0000000000001120      0x340 lib/built-in.o
 .debug_aranges
                0x0000000000001460       0x30 /home/jackywu/Downloads/gitdir/xilinx-tag/u-boot-xlnx/u-boot-xlnx-xilinx-v2014.1-zed/spl/arch/arm/lib/eabi_compat.o

.debug_frame    0x0000000000000000     0x3228
 .debug_frame   0x0000000000000000      0x188 arch/arm/cpu/armv7/built-in.o
 .debug_frame   0x0000000000000188      0x3dc arch/arm/cpu/armv7/zynq/built-in.o
 .debug_frame   0x0000000000000564      0x2dc arch/arm/lib/built-in.o
 .debug_frame   0x0000000000000840       0x78 board/xilinx/zynq/built-in.o
 .debug_frame   0x00000000000008b8      0xd8c common/built-in.o
 .debug_frame   0x0000000000001644       0xf4 common/spl/built-in.o
 .debug_frame   0x0000000000001738      0x1b8 disk/built-in.o
 .debug_frame   0x00000000000018f0      0x258 drivers/fpga/built-in.o
 .debug_frame   0x0000000000001b48      0x3f0 drivers/mmc/built-in.o
 .debug_frame   0x0000000000001f38      0x2b8 drivers/mtd/spi/built-in.o
 .debug_frame   0x00000000000021f0      0x2a8 drivers/serial/built-in.o
 .debug_frame   0x0000000000002498      0x18c drivers/spi/built-in.o
 .debug_frame   0x0000000000002624      0x3b0 fs/built-in.o
 .debug_frame   0x00000000000029d4      0x814 lib/built-in.o
 .debug_frame   0x00000000000031e8       0x40 /home/jackywu/Downloads/gitdir/xilinx-tag/u-boot-xlnx/u-boot-xlnx-xilinx-v2014.1-zed/spl/arch/arm/lib/eabi_compat.o

.debug_str      0x0000000000000000     0x60d9
 .debug_str     0x0000000000000000      0x3a1 arch/arm/cpu/armv7/built-in.o
                                        0x8f5 (size before relaxing)
 .debug_str     0x00000000000003a1      0xcb9 arch/arm/cpu/armv7/zynq/built-in.o
                                       0x2474 (size before relaxing)
 .debug_str     0x000000000000105a      0x3b5 arch/arm/lib/built-in.o
                                       0x1334 (size before relaxing)
 .debug_str     0x000000000000140f      0x28b board/xilinx/zynq/built-in.o
                                        0x617 (size before relaxing)
 .debug_str     0x000000000000169a     0x23da common/built-in.o
                                       0x670f (size before relaxing)
 .debug_str     0x0000000000003a74      0x425 common/spl/built-in.o
                                       0x1034 (size before relaxing)
 .debug_str     0x0000000000003e99      0x305 disk/built-in.o
                                        0xadb (size before relaxing)
 .debug_str     0x000000000000419e      0x292 drivers/fpga/built-in.o
                                       0x10ed (size before relaxing)
 .debug_str     0x0000000000004430      0x4ec drivers/mmc/built-in.o
                                       0x14f7 (size before relaxing)
 .debug_str     0x000000000000491c      0x472 drivers/mtd/spi/built-in.o
                                       0x1766 (size before relaxing)
 .debug_str     0x0000000000004d8e      0x368 drivers/serial/built-in.o
                                        0xa21 (size before relaxing)
 .debug_str     0x00000000000050f6      0x3e0 drivers/spi/built-in.o
                                        0xc78 (size before relaxing)
 .debug_str     0x00000000000054d6      0x720 fs/built-in.o
                                        0xb78 (size before relaxing)
 .debug_str     0x0000000000005bf6      0x49a lib/built-in.o
                                       0x24e0 (size before relaxing)
 .debug_str     0x0000000000006090       0x49 /home/jackywu/Downloads/gitdir/xilinx-tag/u-boot-xlnx/u-boot-xlnx-xilinx-v2014.1-zed/spl/arch/arm/lib/eabi_compat.o
                                        0x273 (size before relaxing)

.debug_loc      0x0000000000000000    0x1741e
 .debug_loc     0x0000000000000000      0x1bd arch/arm/cpu/armv7/built-in.o
 .debug_loc     0x00000000000001bd     0x109e arch/arm/cpu/armv7/zynq/built-in.o
 .debug_loc     0x000000000000125b      0x52f arch/arm/lib/built-in.o
 .debug_loc     0x000000000000178a       0xb5 board/xilinx/zynq/built-in.o
 .debug_loc     0x000000000000183f     0x6658 common/built-in.o
 .debug_loc     0x0000000000007e97      0x3f1 common/spl/built-in.o
 .debug_loc     0x0000000000008288      0xfad disk/built-in.o
 .debug_loc     0x0000000000009235     0x15c1 drivers/fpga/built-in.o
 .debug_loc     0x000000000000a7f6     0x24da drivers/mmc/built-in.o
 .debug_loc     0x000000000000ccd0     0x12c8 drivers/mtd/spi/built-in.o
 .debug_loc     0x000000000000df98      0x4f0 drivers/serial/built-in.o
 .debug_loc     0x000000000000e488      0xce2 drivers/spi/built-in.o
 .debug_loc     0x000000000000f16a     0x4086 fs/built-in.o
 .debug_loc     0x00000000000131f0     0x420d lib/built-in.o
 .debug_loc     0x00000000000173fd       0x21 /home/jackywu/Downloads/gitdir/xilinx-tag/u-boot-xlnx/u-boot-xlnx-xilinx-v2014.1-zed/spl/arch/arm/lib/eabi_compat.o

.debug_ranges   0x0000000000000000     0x2b30
 .debug_ranges  0x0000000000000000       0xb8 arch/arm/cpu/armv7/built-in.o
 .debug_ranges  0x00000000000000b8      0x800 arch/arm/cpu/armv7/zynq/built-in.o
 .debug_ranges  0x00000000000008b8      0x120 arch/arm/lib/built-in.o
 .debug_ranges  0x00000000000009d8       0x30 board/xilinx/zynq/built-in.o
 .debug_ranges  0x0000000000000a08      0x738 common/built-in.o
 .debug_ranges  0x0000000000001140       0x58 common/spl/built-in.o
 .debug_ranges  0x0000000000001198      0x1e0 disk/built-in.o
 .debug_ranges  0x0000000000001378      0x258 drivers/fpga/built-in.o
 .debug_ranges  0x00000000000015d0      0x520 drivers/mmc/built-in.o
 .debug_ranges  0x0000000000001af0      0x238 drivers/mtd/spi/built-in.o
 .debug_ranges  0x0000000000001d28      0x130 drivers/serial/built-in.o
 .debug_ranges  0x0000000000001e58      0x2c8 drivers/spi/built-in.o
 .debug_ranges  0x0000000000002120      0x498 fs/built-in.o
 .debug_ranges  0x00000000000025b8      0x558 lib/built-in.o
 .debug_ranges  0x0000000000002b10       0x20 /home/jackywu/Downloads/gitdir/xilinx-tag/u-boot-xlnx/u-boot-xlnx-xilinx-v2014.1-zed/spl/arch/arm/lib/eabi_compat.o
