cmd_bootm.c:1110:12:image_info	16	static
cmd_bootm.c:506:12:do_bootm_standalone	16	static
cmd_bootm.c:1063:5:do_bootd	8	static
cmd_bootm.c:1583:12:do_bootm_rtems	8	static
cmd_bootm.c:1092:12:do_iminfo	24	static
cmd_bootm.c:311:12:8	16	static
cmd_bootm.c:327:12:bootm_find_fdt	32	static
cmd_bootm.c:1773:12:do_bootm_qnxelf	40	static
cmd_bootm.c:1649:12:do_bootm_plan9	32	static
cmd_bootm.c:179:13:__arch_preboot_os	0	static
cmd_bootm.c:619:12:20	96	static
cmd_bootm.c:777:5:do_bootm	40	static
cmd_bootm.c:826:5:bootm_maybe_autostart	24	static
cmd_bootm.c:1699:6:do_bootvx_fdt	32	static
cmd_bootm.c:1753:12:do_bootm_vxworks	8	static
cmd_bootm.c:1833:12:bootz_setup	8	static
cmd_bootm.c:1885:5:do_bootz	48	static
