ehci-hcd.c:155:12:handshake	24	static
ehci-hcd.c:1115:1:disable_periodic	8	static
ehci-hcd.c:1094:1:enable_periodic	8	static
ehci-hcd.c:232:12:ehci_td_buffer	16	static
ehci-hcd.c:277:1:ehci_submit_async	224	static
ehci-hcd.c:199:12:ehci_shutdown	16	static
ehci-hcd.c:122:5:__ehci_get_port_speed	0	static
ehci-hcd.c:130:6:__ehci_set_usbmode	0	static
ehci-hcd.c:147:6:__ehci_powerup_fixup	0	static
ehci-hcd.c:638:18:ehci_get_portsc_register	0	static
ehci-hcd.c:650:1:ehci_submit_root	48	static
ehci-hcd.c:919:5:usb_lowlevel_stop	8	static
ehci-hcd.c:925:5:usb_lowlevel_init	40	static
ehci-hcd.c:1054:1:submit_bulk_msg	16	static
ehci-hcd.c:1066:1:submit_control_msg	28	static
ehci-hcd.c:1137:1:create_int_queue	72	static
ehci-hcd.c:1267:7:poll_int_queue	16	static
ehci-hcd.c:1296:1:destroy_int_queue	24	static
ehci-hcd.c:1341:1:submit_int_msg	40	static
