api.c:577:12:API_display_clear	8	static
api.c:560:12:API_display_draw_bitmap	0	static
api.c:544:12:API_display_get_info	0	static
api.c:496:12:API_env_enum	32	static
api.c:475:12:API_env_set	8	static
api.c:452:12:API_env_get	8	static
api.c:314:12:API_dev_write	0	static
api.c:381:12:API_dev_read	16	static
api.c:262:12:API_dev_close	8	static
api.c:230:12:API_dev_open	8	static
api.c:197:12:API_dev_enum	8	static
api.c:163:12:API_get_timer	8	static
api.c:147:12:API_udelay	8	static
api.c:131:12:API_get_sys_info	8	static
api.c:115:12:API_reset	8	static
api.c:99:12:API_puts	8	static
api.c:67:12:API_tstc	8	static
api.c:83:12:API_putc	8	static
api.c:51:12:API_getc	8	static
api.c:601:5:syscall	20	static
api.c:624:6:api_init	16	static
api.c:674:6:platform_set_mr	28	static
